CRITICAL - 2026-04-24 00:06:45 --> ParseError: syntax error, unexpected variable "$i", expecting "," or ";"
[Method: GET, Route: estoque]
in APPPATH\Views\estoque.php on line 160.
 1 SYSTEMPATH\View\View.php(241): CodeIgniter\View\View->CodeIgniter\View\{closure}()
 2 SYSTEMPATH\Common.php(1250): CodeIgniter\View\View->render('estoque', [], true)
 3 APPPATH\Controllers\InsumosController.php(15): view('estoque', [...])
 4 SYSTEMPATH\CodeIgniter.php(951): App\Controllers\InsumosController->listarInsumos()
 5 SYSTEMPATH\CodeIgniter.php(497): CodeIgniter\CodeIgniter->runController(Object(App\Controllers\InsumosController))
 6 SYSTEMPATH\CodeIgniter.php(340): CodeIgniter\CodeIgniter->handleRequest(null, Object(Config\Cache), false)
 7 SYSTEMPATH\Boot.php(417): CodeIgniter\CodeIgniter->run()
 8 SYSTEMPATH\Boot.php(68): CodeIgniter\Boot::runCodeIgniter(Object(CodeIgniter\CodeIgniter))
 9 FCPATH\index.php(64): CodeIgniter\Boot::bootWeb(Object(Config\Paths))
CRITICAL - 2026-04-24 00:07:15 --> ErrorException: Undefined array key "id "
[Method: GET, Route: estoque]
in APPPATH\Views\estoque.php on line 160.
 1 APPPATH\Views\estoque.php(160): CodeIgniter\Debug\Exceptions->errorHandler(2, 'Undefined array key "id "', 'C:\\xampp\\htdocs\\mclab\\app\\Views\\estoque.php', 160)
 2 SYSTEMPATH\View\View.php(238): include('C:\\xampp\\htdocs\\mclab\\app\\Views\\estoque.php')
 3 SYSTEMPATH\View\View.php(241): CodeIgniter\View\View->CodeIgniter\View\{closure}()
 4 SYSTEMPATH\Common.php(1250): CodeIgniter\View\View->render('estoque', [], true)
 5 APPPATH\Controllers\InsumosController.php(15): view('estoque', [...])
 6 SYSTEMPATH\CodeIgniter.php(951): App\Controllers\InsumosController->listarInsumos()
 7 SYSTEMPATH\CodeIgniter.php(497): CodeIgniter\CodeIgniter->runController(Object(App\Controllers\InsumosController))
 8 SYSTEMPATH\CodeIgniter.php(340): CodeIgniter\CodeIgniter->handleRequest(null, Object(Config\Cache), false)
 9 SYSTEMPATH\Boot.php(417): CodeIgniter\CodeIgniter->run()
10 SYSTEMPATH\Boot.php(68): CodeIgniter\Boot::runCodeIgniter(Object(CodeIgniter\CodeIgniter))
11 FCPATH\index.php(64): CodeIgniter\Boot::bootWeb(Object(Config\Paths))
CRITICAL - 2026-04-24 00:08:02 --> ErrorException: Undefined array key "id "
[Method: GET, Route: estoque]
in APPPATH\Views\estoque.php on line 160.
 1 APPPATH\Views\estoque.php(160): CodeIgniter\Debug\Exceptions->errorHandler(2, 'Undefined array key "id "', 'C:\\xampp\\htdocs\\mclab\\app\\Views\\estoque.php', 160)
 2 SYSTEMPATH\View\View.php(238): include('C:\\xampp\\htdocs\\mclab\\app\\Views\\estoque.php')
 3 SYSTEMPATH\View\View.php(241): CodeIgniter\View\View->CodeIgniter\View\{closure}()
 4 SYSTEMPATH\Common.php(1250): CodeIgniter\View\View->render('estoque', [], true)
 5 APPPATH\Controllers\InsumosController.php(15): view('estoque', [...])
 6 SYSTEMPATH\CodeIgniter.php(951): App\Controllers\InsumosController->listarInsumos()
 7 SYSTEMPATH\CodeIgniter.php(497): CodeIgniter\CodeIgniter->runController(Object(App\Controllers\InsumosController))
 8 SYSTEMPATH\CodeIgniter.php(340): CodeIgniter\CodeIgniter->handleRequest(null, Object(Config\Cache), false)
 9 SYSTEMPATH\Boot.php(417): CodeIgniter\CodeIgniter->run()
10 SYSTEMPATH\Boot.php(68): CodeIgniter\Boot::runCodeIgniter(Object(CodeIgniter\CodeIgniter))
11 FCPATH\index.php(64): CodeIgniter\Boot::bootWeb(Object(Config\Paths))
CRITICAL - 2026-04-24 00:08:12 --> ErrorException: Undefined array key "id "
[Method: GET, Route: estoque]
in APPPATH\Views\estoque.php on line 160.
 1 APPPATH\Views\estoque.php(160): CodeIgniter\Debug\Exceptions->errorHandler(2, 'Undefined array key "id "', 'C:\\xampp\\htdocs\\mclab\\app\\Views\\estoque.php', 160)
 2 SYSTEMPATH\View\View.php(238): include('C:\\xampp\\htdocs\\mclab\\app\\Views\\estoque.php')
 3 SYSTEMPATH\View\View.php(241): CodeIgniter\View\View->CodeIgniter\View\{closure}()
 4 SYSTEMPATH\Common.php(1250): CodeIgniter\View\View->render('estoque', [], true)
 5 APPPATH\Controllers\InsumosController.php(15): view('estoque', [...])
 6 SYSTEMPATH\CodeIgniter.php(951): App\Controllers\InsumosController->listarInsumos()
 7 SYSTEMPATH\CodeIgniter.php(497): CodeIgniter\CodeIgniter->runController(Object(App\Controllers\InsumosController))
 8 SYSTEMPATH\CodeIgniter.php(340): CodeIgniter\CodeIgniter->handleRequest(null, Object(Config\Cache), false)
 9 SYSTEMPATH\Boot.php(417): CodeIgniter\CodeIgniter->run()
10 SYSTEMPATH\Boot.php(68): CodeIgniter\Boot::runCodeIgniter(Object(CodeIgniter\CodeIgniter))
11 FCPATH\index.php(64): CodeIgniter\Boot::bootWeb(Object(Config\Paths))
CRITICAL - 2026-04-24 00:08:18 --> ParseError: syntax error, unexpected token "echo"
[Method: GET, Route: estoque]
in APPPATH\Views\estoque.php on line 160.
 1 SYSTEMPATH\View\View.php(241): CodeIgniter\View\View->CodeIgniter\View\{closure}()
 2 SYSTEMPATH\Common.php(1250): CodeIgniter\View\View->render('estoque', [], true)
 3 APPPATH\Controllers\InsumosController.php(15): view('estoque', [...])
 4 SYSTEMPATH\CodeIgniter.php(951): App\Controllers\InsumosController->listarInsumos()
 5 SYSTEMPATH\CodeIgniter.php(497): CodeIgniter\CodeIgniter->runController(Object(App\Controllers\InsumosController))
 6 SYSTEMPATH\CodeIgniter.php(340): CodeIgniter\CodeIgniter->handleRequest(null, Object(Config\Cache), false)
 7 SYSTEMPATH\Boot.php(417): CodeIgniter\CodeIgniter->run()
 8 SYSTEMPATH\Boot.php(68): CodeIgniter\Boot::runCodeIgniter(Object(CodeIgniter\CodeIgniter))
 9 FCPATH\index.php(64): CodeIgniter\Boot::bootWeb(Object(Config\Paths))
