CRITICAL - 2026-04-28 23:00:22 --> ErrorException: Undefined variable $insumos
[Method: GET, Route: movimentacoes]
in APPPATH\Views\movimentacoes.php on line 35.
 1 APPPATH\Views\movimentacoes.php(35): CodeIgniter\Debug\Exceptions->errorHandler(2, 'Undefined variable $insumos', 'C:\\xampp\\htdocs\\mclab\\app\\Views\\movimentacoes.php', 35)
 2 SYSTEMPATH\View\View.php(238): include('C:\\xampp\\htdocs\\mclab\\app\\Views\\movimentacoes.php')
 3 SYSTEMPATH\View\View.php(241): CodeIgniter\View\View->CodeIgniter\View\{closure}()
 4 SYSTEMPATH\Common.php(1250): CodeIgniter\View\View->render('movimentacoes', [], true)
 5 APPPATH\Controllers\Home.php(42): view('movimentacoes')
 6 SYSTEMPATH\CodeIgniter.php(951): App\Controllers\Home->movimentacoes()
 7 SYSTEMPATH\CodeIgniter.php(497): CodeIgniter\CodeIgniter->runController(Object(App\Controllers\Home))
 8 SYSTEMPATH\CodeIgniter.php(340): CodeIgniter\CodeIgniter->handleRequest(null, Object(Config\Cache), false)
 9 SYSTEMPATH\Boot.php(417): CodeIgniter\CodeIgniter->run()
10 SYSTEMPATH\Boot.php(68): CodeIgniter\Boot::runCodeIgniter(Object(CodeIgniter\CodeIgniter))
11 FCPATH\index.php(64): CodeIgniter\Boot::bootWeb(Object(Config\Paths))
CRITICAL - 2026-04-28 23:03:21 --> ErrorException: Undefined variable $insumos
[Method: GET, Route: movimentacoes]
in APPPATH\Views\movimentacoes.php on line 35.
 1 APPPATH\Views\movimentacoes.php(35): CodeIgniter\Debug\Exceptions->errorHandler(2, 'Undefined variable $insumos', 'C:\\xampp\\htdocs\\mclab\\app\\Views\\movimentacoes.php', 35)
 2 SYSTEMPATH\View\View.php(238): include('C:\\xampp\\htdocs\\mclab\\app\\Views\\movimentacoes.php')
 3 SYSTEMPATH\View\View.php(241): CodeIgniter\View\View->CodeIgniter\View\{closure}()
 4 SYSTEMPATH\Common.php(1250): CodeIgniter\View\View->render('movimentacoes', [], true)
 5 APPPATH\Controllers\Home.php(42): view('movimentacoes')
 6 SYSTEMPATH\CodeIgniter.php(951): App\Controllers\Home->movimentacoes()
 7 SYSTEMPATH\CodeIgniter.php(497): CodeIgniter\CodeIgniter->runController(Object(App\Controllers\Home))
 8 SYSTEMPATH\CodeIgniter.php(340): CodeIgniter\CodeIgniter->handleRequest(null, Object(Config\Cache), false)
 9 SYSTEMPATH\Boot.php(417): CodeIgniter\CodeIgniter->run()
10 SYSTEMPATH\Boot.php(68): CodeIgniter\Boot::runCodeIgniter(Object(CodeIgniter\CodeIgniter))
11 FCPATH\index.php(64): CodeIgniter\Boot::bootWeb(Object(Config\Paths))
