CRITICAL - 2026-04-16 00:32:05 --> ErrorException: Undefined array key "quantidade_atual "
[Method: GET, Route: estoque]
in APPPATH\Views\estoque.php on line 126.
 1 APPPATH\Views\estoque.php(126): CodeIgniter\Debug\Exceptions->errorHandler(2, 'Undefined array key "quantidade_atual "', 'C:\\xampp\\htdocs\\mclab\\app\\Views\\estoque.php', 126)
 2 SYSTEMPATH\View\View.php(238): include('C:\\xampp\\htdocs\\mclab\\app\\Views\\estoque.php')
 3 SYSTEMPATH\View\View.php(241): CodeIgniter\View\View->CodeIgniter\View\{closure}()
 4 SYSTEMPATH\Common.php(1250): CodeIgniter\View\View->render('estoque', [], true)
 5 APPPATH\Controllers\InsumosController.php(15): view('estoque', [...])
 6 SYSTEMPATH\CodeIgniter.php(951): App\Controllers\InsumosController->listarInsumos()
 7 SYSTEMPATH\CodeIgniter.php(497): CodeIgniter\CodeIgniter->runController(Object(App\Controllers\InsumosController))
 8 SYSTEMPATH\CodeIgniter.php(340): CodeIgniter\CodeIgniter->handleRequest(null, Object(Config\Cache), false)
 9 SYSTEMPATH\Boot.php(417): CodeIgniter\CodeIgniter->run()
10 SYSTEMPATH\Boot.php(68): CodeIgniter\Boot::runCodeIgniter(Object(CodeIgniter\CodeIgniter))
11 FCPATH\index.php(64): CodeIgniter\Boot::bootWeb(Object(Config\Paths))
CRITICAL - 2026-04-16 00:32:26 --> TypeError: Unsupported operand types: string + string
[Method: GET, Route: estoque]
in APPPATH\Views\estoque.php on line 126.
 1 SYSTEMPATH\View\View.php(238): include()
 2 SYSTEMPATH\View\View.php(241): CodeIgniter\View\View->CodeIgniter\View\{closure}()
 3 SYSTEMPATH\Common.php(1250): CodeIgniter\View\View->render('estoque', [], true)
 4 APPPATH\Controllers\InsumosController.php(15): view('estoque', [...])
 5 SYSTEMPATH\CodeIgniter.php(951): App\Controllers\InsumosController->listarInsumos()
 6 SYSTEMPATH\CodeIgniter.php(497): CodeIgniter\CodeIgniter->runController(Object(App\Controllers\InsumosController))
 7 SYSTEMPATH\CodeIgniter.php(340): CodeIgniter\CodeIgniter->handleRequest(null, Object(Config\Cache), false)
 8 SYSTEMPATH\Boot.php(417): CodeIgniter\CodeIgniter->run()
 9 SYSTEMPATH\Boot.php(68): CodeIgniter\Boot::runCodeIgniter(Object(CodeIgniter\CodeIgniter))
10 FCPATH\index.php(64): CodeIgniter\Boot::bootWeb(Object(Config\Paths))
ERROR - 2026-04-16 23:38:38 --> Column 'quantidade_atual' cannot be null
in SYSTEMPATH\Database\MySQLi\Connection.php on line 300.
 1 SYSTEMPATH\Database\MySQLi\Connection.php(300): mysqli->query('INSERT INTO insumos (nome, risco, unidade_medida, descricao, quantidade_atual, estoque_minimo, data_validade) VALUES (\'Ácido Nítrico\', \'🔴 Alto\', \'Litro (L)\', \'Ácido forte utilizado em sínteses químicas e indústria metalúrgica\', NULL, \'25\', \'2027-10-12\')', 0)
 2 SYSTEMPATH\Database\BaseConnection.php(769): CodeIgniter\Database\MySQLi\Connection->execute('INSERT INTO insumos (nome, risco, unidade_medida, descricao, quantidade_atual, estoque_minimo, data_validade) VALUES (\'Ácido Nítrico\', \'🔴 Alto\', \'Litro (L)\', \'Ácido forte utilizado em sínteses químicas e indústria metalúrgica\', NULL, \'25\', \'2027-10-12\')')
 3 SYSTEMPATH\Database\BaseConnection.php(686): CodeIgniter\Database\BaseConnection->simpleQuery('INSERT INTO insumos (nome, risco, unidade_medida, descricao, quantidade_atual, estoque_minimo, data_validade) VALUES (\'Ácido Nítrico\', \'🔴 Alto\', \'Litro (L)\', \'Ácido forte utilizado em sínteses químicas e indústria metalúrgica\', NULL, \'25\', \'2027-10-12\')')
 4 APPPATH\Models\InsumosModel.php(27): CodeIgniter\Database\BaseConnection->query('INSERT INTO insumos (nome, risco, unidade_medida, descricao, quantidade_atual, estoque_minimo, data_validade) VALUES (?, ?, ?, ?, ?, ?, ?)', [...])
 5 APPPATH\Controllers\InsumosController.php(29): App\Models\InsumosModel->inserirInsumo('Ácido Nítrico', '🔴 Alto', 'Litro (L)', 'Ácido forte utilizado em sínteses químicas e indústria metalúrgica', null, '25', '2027-10-12')
 6 SYSTEMPATH\CodeIgniter.php(951): App\Controllers\InsumosController->cadastrarInsumo()
 7 SYSTEMPATH\CodeIgniter.php(497): CodeIgniter\CodeIgniter->runController(Object(App\Controllers\InsumosController))
 8 SYSTEMPATH\CodeIgniter.php(340): CodeIgniter\CodeIgniter->handleRequest(null, Object(Config\Cache), false)
 9 SYSTEMPATH\Boot.php(417): CodeIgniter\CodeIgniter->run()
10 SYSTEMPATH\Boot.php(68): CodeIgniter\Boot::runCodeIgniter(Object(CodeIgniter\CodeIgniter))
11 FCPATH\index.php(64): CodeIgniter\Boot::bootWeb(Object(Config\Paths))
CRITICAL - 2026-04-16 23:38:38 --> CodeIgniter\Database\Exceptions\DatabaseException: Column 'quantidade_atual' cannot be null
[Method: POST, Route: cadastrar_insumo]
in SYSTEMPATH\Database\BaseConnection.php on line 724.
 1 APPPATH\Models\InsumosModel.php(27): CodeIgniter\Database\BaseConnection->query('INSERT INTO insumos (nome, risco, unidade_medida, descricao, quantidade_atual, estoque_minimo, data_validade) VALUES (?, ?, ?, ?, ?, ?, ?)', [...])
 2 APPPATH\Controllers\InsumosController.php(29): App\Models\InsumosModel->inserirInsumo('Ácido Nítrico', '🔴 Alto', 'Litro (L)', 'Ácido forte utilizado em sínteses químicas e indústria metalúrgica', null, '25', '2027-10-12')
 3 SYSTEMPATH\CodeIgniter.php(951): App\Controllers\InsumosController->cadastrarInsumo()
 4 SYSTEMPATH\CodeIgniter.php(497): CodeIgniter\CodeIgniter->runController(Object(App\Controllers\InsumosController))
 5 SYSTEMPATH\CodeIgniter.php(340): CodeIgniter\CodeIgniter->handleRequest(null, Object(Config\Cache), false)
 6 SYSTEMPATH\Boot.php(417): CodeIgniter\CodeIgniter->run()
 7 SYSTEMPATH\Boot.php(68): CodeIgniter\Boot::runCodeIgniter(Object(CodeIgniter\CodeIgniter))
 8 FCPATH\index.php(64): CodeIgniter\Boot::bootWeb(Object(Config\Paths))
CRITICAL - 2026-04-16 23:38:38 --> [Caused by] CodeIgniter\Database\Exceptions\DatabaseException: Column 'quantidade_atual' cannot be null
in SYSTEMPATH\Database\MySQLi\Connection.php on line 310.
 1 SYSTEMPATH\Database\BaseConnection.php(769): CodeIgniter\Database\MySQLi\Connection->execute('INSERT INTO insumos (nome, risco, unidade_medida, descricao, quantidade_atual, estoque_minimo, data_validade) VALUES (\'Ácido Nítrico\', \'🔴 Alto\', \'Litro (L)\', \'Ácido forte utilizado em sínteses químicas e indústria metalúrgica\', NULL, \'25\', \'2027-10-12\')')
 2 SYSTEMPATH\Database\BaseConnection.php(686): CodeIgniter\Database\BaseConnection->simpleQuery('INSERT INTO insumos (nome, risco, unidade_medida, descricao, quantidade_atual, estoque_minimo, data_validade) VALUES (\'Ácido Nítrico\', \'🔴 Alto\', \'Litro (L)\', \'Ácido forte utilizado em sínteses químicas e indústria metalúrgica\', NULL, \'25\', \'2027-10-12\')')
 3 APPPATH\Models\InsumosModel.php(27): CodeIgniter\Database\BaseConnection->query('INSERT INTO insumos (nome, risco, unidade_medida, descricao, quantidade_atual, estoque_minimo, data_validade) VALUES (?, ?, ?, ?, ?, ?, ?)', [...])
 4 APPPATH\Controllers\InsumosController.php(29): App\Models\InsumosModel->inserirInsumo('Ácido Nítrico', '🔴 Alto', 'Litro (L)', 'Ácido forte utilizado em sínteses químicas e indústria metalúrgica', null, '25', '2027-10-12')
 5 SYSTEMPATH\CodeIgniter.php(951): App\Controllers\InsumosController->cadastrarInsumo()
 6 SYSTEMPATH\CodeIgniter.php(497): CodeIgniter\CodeIgniter->runController(Object(App\Controllers\InsumosController))
 7 SYSTEMPATH\CodeIgniter.php(340): CodeIgniter\CodeIgniter->handleRequest(null, Object(Config\Cache), false)
 8 SYSTEMPATH\Boot.php(417): CodeIgniter\CodeIgniter->run()
 9 SYSTEMPATH\Boot.php(68): CodeIgniter\Boot::runCodeIgniter(Object(CodeIgniter\CodeIgniter))
10 FCPATH\index.php(64): CodeIgniter\Boot::bootWeb(Object(Config\Paths))
CRITICAL - 2026-04-16 23:38:38 --> [Caused by] mysqli_sql_exception: Column 'quantidade_atual' cannot be null
in SYSTEMPATH\Database\MySQLi\Connection.php on line 300.
 1 SYSTEMPATH\Database\MySQLi\Connection.php(300): mysqli->query('INSERT INTO insumos (nome, risco, unidade_medida, descricao, quantidade_atual, estoque_minimo, data_validade) VALUES (\'Ácido Nítrico\', \'🔴 Alto\', \'Litro (L)\', \'Ácido forte utilizado em sínteses químicas e indústria metalúrgica\', NULL, \'25\', \'2027-10-12\')', 0)
 2 SYSTEMPATH\Database\BaseConnection.php(769): CodeIgniter\Database\MySQLi\Connection->execute('INSERT INTO insumos (nome, risco, unidade_medida, descricao, quantidade_atual, estoque_minimo, data_validade) VALUES (\'Ácido Nítrico\', \'🔴 Alto\', \'Litro (L)\', \'Ácido forte utilizado em sínteses químicas e indústria metalúrgica\', NULL, \'25\', \'2027-10-12\')')
 3 SYSTEMPATH\Database\BaseConnection.php(686): CodeIgniter\Database\BaseConnection->simpleQuery('INSERT INTO insumos (nome, risco, unidade_medida, descricao, quantidade_atual, estoque_minimo, data_validade) VALUES (\'Ácido Nítrico\', \'🔴 Alto\', \'Litro (L)\', \'Ácido forte utilizado em sínteses químicas e indústria metalúrgica\', NULL, \'25\', \'2027-10-12\')')
 4 APPPATH\Models\InsumosModel.php(27): CodeIgniter\Database\BaseConnection->query('INSERT INTO insumos (nome, risco, unidade_medida, descricao, quantidade_atual, estoque_minimo, data_validade) VALUES (?, ?, ?, ?, ?, ?, ?)', [...])
 5 APPPATH\Controllers\InsumosController.php(29): App\Models\InsumosModel->inserirInsumo('Ácido Nítrico', '🔴 Alto', 'Litro (L)', 'Ácido forte utilizado em sínteses químicas e indústria metalúrgica', null, '25', '2027-10-12')
 6 SYSTEMPATH\CodeIgniter.php(951): App\Controllers\InsumosController->cadastrarInsumo()
 7 SYSTEMPATH\CodeIgniter.php(497): CodeIgniter\CodeIgniter->runController(Object(App\Controllers\InsumosController))
 8 SYSTEMPATH\CodeIgniter.php(340): CodeIgniter\CodeIgniter->handleRequest(null, Object(Config\Cache), false)
 9 SYSTEMPATH\Boot.php(417): CodeIgniter\CodeIgniter->run()
10 SYSTEMPATH\Boot.php(68): CodeIgniter\Boot::runCodeIgniter(Object(CodeIgniter\CodeIgniter))
11 FCPATH\index.php(64): CodeIgniter\Boot::bootWeb(Object(Config\Paths))
ERROR - 2026-04-16 23:39:38 --> Column 'quantidade_atual' cannot be null
in SYSTEMPATH\Database\MySQLi\Connection.php on line 300.
 1 SYSTEMPATH\Database\MySQLi\Connection.php(300): mysqli->query('INSERT INTO insumos (nome, risco, unidade_medida, descricao, quantidade_atual, estoque_minimo, data_validade) VALUES (\'Ácido Nítrico\', \'🔴 Alto\', \'Litro (L)\', \'Ácido forte utilizado em sínteses químicas e indústria metalúrgica\', NULL, \'25\', \'2027-10-12\')', 0)
 2 SYSTEMPATH\Database\BaseConnection.php(769): CodeIgniter\Database\MySQLi\Connection->execute('INSERT INTO insumos (nome, risco, unidade_medida, descricao, quantidade_atual, estoque_minimo, data_validade) VALUES (\'Ácido Nítrico\', \'🔴 Alto\', \'Litro (L)\', \'Ácido forte utilizado em sínteses químicas e indústria metalúrgica\', NULL, \'25\', \'2027-10-12\')')
 3 SYSTEMPATH\Database\BaseConnection.php(686): CodeIgniter\Database\BaseConnection->simpleQuery('INSERT INTO insumos (nome, risco, unidade_medida, descricao, quantidade_atual, estoque_minimo, data_validade) VALUES (\'Ácido Nítrico\', \'🔴 Alto\', \'Litro (L)\', \'Ácido forte utilizado em sínteses químicas e indústria metalúrgica\', NULL, \'25\', \'2027-10-12\')')
 4 APPPATH\Models\InsumosModel.php(27): CodeIgniter\Database\BaseConnection->query('INSERT INTO insumos (nome, risco, unidade_medida, descricao, quantidade_atual, estoque_minimo, data_validade) VALUES (?, ?, ?, ?, ?, ?, ?)', [...])
 5 APPPATH\Controllers\InsumosController.php(29): App\Models\InsumosModel->inserirInsumo('Ácido Nítrico', '🔴 Alto', 'Litro (L)', 'Ácido forte utilizado em sínteses químicas e indústria metalúrgica', null, '25', '2027-10-12')
 6 SYSTEMPATH\CodeIgniter.php(951): App\Controllers\InsumosController->cadastrarInsumo()
 7 SYSTEMPATH\CodeIgniter.php(497): CodeIgniter\CodeIgniter->runController(Object(App\Controllers\InsumosController))
 8 SYSTEMPATH\CodeIgniter.php(340): CodeIgniter\CodeIgniter->handleRequest(null, Object(Config\Cache), false)
 9 SYSTEMPATH\Boot.php(417): CodeIgniter\CodeIgniter->run()
10 SYSTEMPATH\Boot.php(68): CodeIgniter\Boot::runCodeIgniter(Object(CodeIgniter\CodeIgniter))
11 FCPATH\index.php(64): CodeIgniter\Boot::bootWeb(Object(Config\Paths))
CRITICAL - 2026-04-16 23:39:38 --> CodeIgniter\Database\Exceptions\DatabaseException: Column 'quantidade_atual' cannot be null
[Method: POST, Route: cadastrar_insumo]
in SYSTEMPATH\Database\BaseConnection.php on line 724.
 1 APPPATH\Models\InsumosModel.php(27): CodeIgniter\Database\BaseConnection->query('INSERT INTO insumos (nome, risco, unidade_medida, descricao, quantidade_atual, estoque_minimo, data_validade) VALUES (?, ?, ?, ?, ?, ?, ?)', [...])
 2 APPPATH\Controllers\InsumosController.php(29): App\Models\InsumosModel->inserirInsumo('Ácido Nítrico', '🔴 Alto', 'Litro (L)', 'Ácido forte utilizado em sínteses químicas e indústria metalúrgica', null, '25', '2027-10-12')
 3 SYSTEMPATH\CodeIgniter.php(951): App\Controllers\InsumosController->cadastrarInsumo()
 4 SYSTEMPATH\CodeIgniter.php(497): CodeIgniter\CodeIgniter->runController(Object(App\Controllers\InsumosController))
 5 SYSTEMPATH\CodeIgniter.php(340): CodeIgniter\CodeIgniter->handleRequest(null, Object(Config\Cache), false)
 6 SYSTEMPATH\Boot.php(417): CodeIgniter\CodeIgniter->run()
 7 SYSTEMPATH\Boot.php(68): CodeIgniter\Boot::runCodeIgniter(Object(CodeIgniter\CodeIgniter))
 8 FCPATH\index.php(64): CodeIgniter\Boot::bootWeb(Object(Config\Paths))
CRITICAL - 2026-04-16 23:39:38 --> [Caused by] CodeIgniter\Database\Exceptions\DatabaseException: Column 'quantidade_atual' cannot be null
in SYSTEMPATH\Database\MySQLi\Connection.php on line 310.
 1 SYSTEMPATH\Database\BaseConnection.php(769): CodeIgniter\Database\MySQLi\Connection->execute('INSERT INTO insumos (nome, risco, unidade_medida, descricao, quantidade_atual, estoque_minimo, data_validade) VALUES (\'Ácido Nítrico\', \'🔴 Alto\', \'Litro (L)\', \'Ácido forte utilizado em sínteses químicas e indústria metalúrgica\', NULL, \'25\', \'2027-10-12\')')
 2 SYSTEMPATH\Database\BaseConnection.php(686): CodeIgniter\Database\BaseConnection->simpleQuery('INSERT INTO insumos (nome, risco, unidade_medida, descricao, quantidade_atual, estoque_minimo, data_validade) VALUES (\'Ácido Nítrico\', \'🔴 Alto\', \'Litro (L)\', \'Ácido forte utilizado em sínteses químicas e indústria metalúrgica\', NULL, \'25\', \'2027-10-12\')')
 3 APPPATH\Models\InsumosModel.php(27): CodeIgniter\Database\BaseConnection->query('INSERT INTO insumos (nome, risco, unidade_medida, descricao, quantidade_atual, estoque_minimo, data_validade) VALUES (?, ?, ?, ?, ?, ?, ?)', [...])
 4 APPPATH\Controllers\InsumosController.php(29): App\Models\InsumosModel->inserirInsumo('Ácido Nítrico', '🔴 Alto', 'Litro (L)', 'Ácido forte utilizado em sínteses químicas e indústria metalúrgica', null, '25', '2027-10-12')
 5 SYSTEMPATH\CodeIgniter.php(951): App\Controllers\InsumosController->cadastrarInsumo()
 6 SYSTEMPATH\CodeIgniter.php(497): CodeIgniter\CodeIgniter->runController(Object(App\Controllers\InsumosController))
 7 SYSTEMPATH\CodeIgniter.php(340): CodeIgniter\CodeIgniter->handleRequest(null, Object(Config\Cache), false)
 8 SYSTEMPATH\Boot.php(417): CodeIgniter\CodeIgniter->run()
 9 SYSTEMPATH\Boot.php(68): CodeIgniter\Boot::runCodeIgniter(Object(CodeIgniter\CodeIgniter))
10 FCPATH\index.php(64): CodeIgniter\Boot::bootWeb(Object(Config\Paths))
CRITICAL - 2026-04-16 23:39:38 --> [Caused by] mysqli_sql_exception: Column 'quantidade_atual' cannot be null
in SYSTEMPATH\Database\MySQLi\Connection.php on line 300.
 1 SYSTEMPATH\Database\MySQLi\Connection.php(300): mysqli->query('INSERT INTO insumos (nome, risco, unidade_medida, descricao, quantidade_atual, estoque_minimo, data_validade) VALUES (\'Ácido Nítrico\', \'🔴 Alto\', \'Litro (L)\', \'Ácido forte utilizado em sínteses químicas e indústria metalúrgica\', NULL, \'25\', \'2027-10-12\')', 0)
 2 SYSTEMPATH\Database\BaseConnection.php(769): CodeIgniter\Database\MySQLi\Connection->execute('INSERT INTO insumos (nome, risco, unidade_medida, descricao, quantidade_atual, estoque_minimo, data_validade) VALUES (\'Ácido Nítrico\', \'🔴 Alto\', \'Litro (L)\', \'Ácido forte utilizado em sínteses químicas e indústria metalúrgica\', NULL, \'25\', \'2027-10-12\')')
 3 SYSTEMPATH\Database\BaseConnection.php(686): CodeIgniter\Database\BaseConnection->simpleQuery('INSERT INTO insumos (nome, risco, unidade_medida, descricao, quantidade_atual, estoque_minimo, data_validade) VALUES (\'Ácido Nítrico\', \'🔴 Alto\', \'Litro (L)\', \'Ácido forte utilizado em sínteses químicas e indústria metalúrgica\', NULL, \'25\', \'2027-10-12\')')
 4 APPPATH\Models\InsumosModel.php(27): CodeIgniter\Database\BaseConnection->query('INSERT INTO insumos (nome, risco, unidade_medida, descricao, quantidade_atual, estoque_minimo, data_validade) VALUES (?, ?, ?, ?, ?, ?, ?)', [...])
 5 APPPATH\Controllers\InsumosController.php(29): App\Models\InsumosModel->inserirInsumo('Ácido Nítrico', '🔴 Alto', 'Litro (L)', 'Ácido forte utilizado em sínteses químicas e indústria metalúrgica', null, '25', '2027-10-12')
 6 SYSTEMPATH\CodeIgniter.php(951): App\Controllers\InsumosController->cadastrarInsumo()
 7 SYSTEMPATH\CodeIgniter.php(497): CodeIgniter\CodeIgniter->runController(Object(App\Controllers\InsumosController))
 8 SYSTEMPATH\CodeIgniter.php(340): CodeIgniter\CodeIgniter->handleRequest(null, Object(Config\Cache), false)
 9 SYSTEMPATH\Boot.php(417): CodeIgniter\CodeIgniter->run()
10 SYSTEMPATH\Boot.php(68): CodeIgniter\Boot::runCodeIgniter(Object(CodeIgniter\CodeIgniter))
11 FCPATH\index.php(64): CodeIgniter\Boot::bootWeb(Object(Config\Paths))
ERROR - 2026-04-16 23:39:41 --> Column 'quantidade_atual' cannot be null
in SYSTEMPATH\Database\MySQLi\Connection.php on line 300.
 1 SYSTEMPATH\Database\MySQLi\Connection.php(300): mysqli->query('INSERT INTO insumos (nome, risco, unidade_medida, descricao, quantidade_atual, estoque_minimo, data_validade) VALUES (\'Ácido Nítrico\', \'🔴 Alto\', \'Litro (L)\', \'Ácido forte utilizado em sínteses químicas e indústria metalúrgica\', NULL, \'25\', \'2027-10-12\')', 0)
 2 SYSTEMPATH\Database\BaseConnection.php(769): CodeIgniter\Database\MySQLi\Connection->execute('INSERT INTO insumos (nome, risco, unidade_medida, descricao, quantidade_atual, estoque_minimo, data_validade) VALUES (\'Ácido Nítrico\', \'🔴 Alto\', \'Litro (L)\', \'Ácido forte utilizado em sínteses químicas e indústria metalúrgica\', NULL, \'25\', \'2027-10-12\')')
 3 SYSTEMPATH\Database\BaseConnection.php(686): CodeIgniter\Database\BaseConnection->simpleQuery('INSERT INTO insumos (nome, risco, unidade_medida, descricao, quantidade_atual, estoque_minimo, data_validade) VALUES (\'Ácido Nítrico\', \'🔴 Alto\', \'Litro (L)\', \'Ácido forte utilizado em sínteses químicas e indústria metalúrgica\', NULL, \'25\', \'2027-10-12\')')
 4 APPPATH\Models\InsumosModel.php(27): CodeIgniter\Database\BaseConnection->query('INSERT INTO insumos (nome, risco, unidade_medida, descricao, quantidade_atual, estoque_minimo, data_validade) VALUES (?, ?, ?, ?, ?, ?, ?)', [...])
 5 APPPATH\Controllers\InsumosController.php(29): App\Models\InsumosModel->inserirInsumo('Ácido Nítrico', '🔴 Alto', 'Litro (L)', 'Ácido forte utilizado em sínteses químicas e indústria metalúrgica', null, '25', '2027-10-12')
 6 SYSTEMPATH\CodeIgniter.php(951): App\Controllers\InsumosController->cadastrarInsumo()
 7 SYSTEMPATH\CodeIgniter.php(497): CodeIgniter\CodeIgniter->runController(Object(App\Controllers\InsumosController))
 8 SYSTEMPATH\CodeIgniter.php(340): CodeIgniter\CodeIgniter->handleRequest(null, Object(Config\Cache), false)
 9 SYSTEMPATH\Boot.php(417): CodeIgniter\CodeIgniter->run()
10 SYSTEMPATH\Boot.php(68): CodeIgniter\Boot::runCodeIgniter(Object(CodeIgniter\CodeIgniter))
11 FCPATH\index.php(64): CodeIgniter\Boot::bootWeb(Object(Config\Paths))
CRITICAL - 2026-04-16 23:39:41 --> CodeIgniter\Database\Exceptions\DatabaseException: Column 'quantidade_atual' cannot be null
[Method: POST, Route: cadastrar_insumo]
in SYSTEMPATH\Database\BaseConnection.php on line 724.
 1 APPPATH\Models\InsumosModel.php(27): CodeIgniter\Database\BaseConnection->query('INSERT INTO insumos (nome, risco, unidade_medida, descricao, quantidade_atual, estoque_minimo, data_validade) VALUES (?, ?, ?, ?, ?, ?, ?)', [...])
 2 APPPATH\Controllers\InsumosController.php(29): App\Models\InsumosModel->inserirInsumo('Ácido Nítrico', '🔴 Alto', 'Litro (L)', 'Ácido forte utilizado em sínteses químicas e indústria metalúrgica', null, '25', '2027-10-12')
 3 SYSTEMPATH\CodeIgniter.php(951): App\Controllers\InsumosController->cadastrarInsumo()
 4 SYSTEMPATH\CodeIgniter.php(497): CodeIgniter\CodeIgniter->runController(Object(App\Controllers\InsumosController))
 5 SYSTEMPATH\CodeIgniter.php(340): CodeIgniter\CodeIgniter->handleRequest(null, Object(Config\Cache), false)
 6 SYSTEMPATH\Boot.php(417): CodeIgniter\CodeIgniter->run()
 7 SYSTEMPATH\Boot.php(68): CodeIgniter\Boot::runCodeIgniter(Object(CodeIgniter\CodeIgniter))
 8 FCPATH\index.php(64): CodeIgniter\Boot::bootWeb(Object(Config\Paths))
CRITICAL - 2026-04-16 23:39:41 --> [Caused by] CodeIgniter\Database\Exceptions\DatabaseException: Column 'quantidade_atual' cannot be null
in SYSTEMPATH\Database\MySQLi\Connection.php on line 310.
 1 SYSTEMPATH\Database\BaseConnection.php(769): CodeIgniter\Database\MySQLi\Connection->execute('INSERT INTO insumos (nome, risco, unidade_medida, descricao, quantidade_atual, estoque_minimo, data_validade) VALUES (\'Ácido Nítrico\', \'🔴 Alto\', \'Litro (L)\', \'Ácido forte utilizado em sínteses químicas e indústria metalúrgica\', NULL, \'25\', \'2027-10-12\')')
 2 SYSTEMPATH\Database\BaseConnection.php(686): CodeIgniter\Database\BaseConnection->simpleQuery('INSERT INTO insumos (nome, risco, unidade_medida, descricao, quantidade_atual, estoque_minimo, data_validade) VALUES (\'Ácido Nítrico\', \'🔴 Alto\', \'Litro (L)\', \'Ácido forte utilizado em sínteses químicas e indústria metalúrgica\', NULL, \'25\', \'2027-10-12\')')
 3 APPPATH\Models\InsumosModel.php(27): CodeIgniter\Database\BaseConnection->query('INSERT INTO insumos (nome, risco, unidade_medida, descricao, quantidade_atual, estoque_minimo, data_validade) VALUES (?, ?, ?, ?, ?, ?, ?)', [...])
 4 APPPATH\Controllers\InsumosController.php(29): App\Models\InsumosModel->inserirInsumo('Ácido Nítrico', '🔴 Alto', 'Litro (L)', 'Ácido forte utilizado em sínteses químicas e indústria metalúrgica', null, '25', '2027-10-12')
 5 SYSTEMPATH\CodeIgniter.php(951): App\Controllers\InsumosController->cadastrarInsumo()
 6 SYSTEMPATH\CodeIgniter.php(497): CodeIgniter\CodeIgniter->runController(Object(App\Controllers\InsumosController))
 7 SYSTEMPATH\CodeIgniter.php(340): CodeIgniter\CodeIgniter->handleRequest(null, Object(Config\Cache), false)
 8 SYSTEMPATH\Boot.php(417): CodeIgniter\CodeIgniter->run()
 9 SYSTEMPATH\Boot.php(68): CodeIgniter\Boot::runCodeIgniter(Object(CodeIgniter\CodeIgniter))
10 FCPATH\index.php(64): CodeIgniter\Boot::bootWeb(Object(Config\Paths))
CRITICAL - 2026-04-16 23:39:41 --> [Caused by] mysqli_sql_exception: Column 'quantidade_atual' cannot be null
in SYSTEMPATH\Database\MySQLi\Connection.php on line 300.
 1 SYSTEMPATH\Database\MySQLi\Connection.php(300): mysqli->query('INSERT INTO insumos (nome, risco, unidade_medida, descricao, quantidade_atual, estoque_minimo, data_validade) VALUES (\'Ácido Nítrico\', \'🔴 Alto\', \'Litro (L)\', \'Ácido forte utilizado em sínteses químicas e indústria metalúrgica\', NULL, \'25\', \'2027-10-12\')', 0)
 2 SYSTEMPATH\Database\BaseConnection.php(769): CodeIgniter\Database\MySQLi\Connection->execute('INSERT INTO insumos (nome, risco, unidade_medida, descricao, quantidade_atual, estoque_minimo, data_validade) VALUES (\'Ácido Nítrico\', \'🔴 Alto\', \'Litro (L)\', \'Ácido forte utilizado em sínteses químicas e indústria metalúrgica\', NULL, \'25\', \'2027-10-12\')')
 3 SYSTEMPATH\Database\BaseConnection.php(686): CodeIgniter\Database\BaseConnection->simpleQuery('INSERT INTO insumos (nome, risco, unidade_medida, descricao, quantidade_atual, estoque_minimo, data_validade) VALUES (\'Ácido Nítrico\', \'🔴 Alto\', \'Litro (L)\', \'Ácido forte utilizado em sínteses químicas e indústria metalúrgica\', NULL, \'25\', \'2027-10-12\')')
 4 APPPATH\Models\InsumosModel.php(27): CodeIgniter\Database\BaseConnection->query('INSERT INTO insumos (nome, risco, unidade_medida, descricao, quantidade_atual, estoque_minimo, data_validade) VALUES (?, ?, ?, ?, ?, ?, ?)', [...])
 5 APPPATH\Controllers\InsumosController.php(29): App\Models\InsumosModel->inserirInsumo('Ácido Nítrico', '🔴 Alto', 'Litro (L)', 'Ácido forte utilizado em sínteses químicas e indústria metalúrgica', null, '25', '2027-10-12')
 6 SYSTEMPATH\CodeIgniter.php(951): App\Controllers\InsumosController->cadastrarInsumo()
 7 SYSTEMPATH\CodeIgniter.php(497): CodeIgniter\CodeIgniter->runController(Object(App\Controllers\InsumosController))
 8 SYSTEMPATH\CodeIgniter.php(340): CodeIgniter\CodeIgniter->handleRequest(null, Object(Config\Cache), false)
 9 SYSTEMPATH\Boot.php(417): CodeIgniter\CodeIgniter->run()
10 SYSTEMPATH\Boot.php(68): CodeIgniter\Boot::runCodeIgniter(Object(CodeIgniter\CodeIgniter))
11 FCPATH\index.php(64): CodeIgniter\Boot::bootWeb(Object(Config\Paths))
ERROR - 2026-04-16 23:40:18 --> Column 'quantidade_atual' cannot be null
in SYSTEMPATH\Database\MySQLi\Connection.php on line 300.
 1 SYSTEMPATH\Database\MySQLi\Connection.php(300): mysqli->query('INSERT INTO insumos (nome, risco, unidade_medida, descricao, quantidade_atual, estoque_minimo, data_validade) VALUES (\'Ácido Nítrico\', \'🔴 Alto\', \'Litro (L)\', \'Ácido forte utilizado em sínteses químicas e indústria metalúrgica\', NULL, \'25\', \'2027-10-12\')', 0)
 2 SYSTEMPATH\Database\BaseConnection.php(769): CodeIgniter\Database\MySQLi\Connection->execute('INSERT INTO insumos (nome, risco, unidade_medida, descricao, quantidade_atual, estoque_minimo, data_validade) VALUES (\'Ácido Nítrico\', \'🔴 Alto\', \'Litro (L)\', \'Ácido forte utilizado em sínteses químicas e indústria metalúrgica\', NULL, \'25\', \'2027-10-12\')')
 3 SYSTEMPATH\Database\BaseConnection.php(686): CodeIgniter\Database\BaseConnection->simpleQuery('INSERT INTO insumos (nome, risco, unidade_medida, descricao, quantidade_atual, estoque_minimo, data_validade) VALUES (\'Ácido Nítrico\', \'🔴 Alto\', \'Litro (L)\', \'Ácido forte utilizado em sínteses químicas e indústria metalúrgica\', NULL, \'25\', \'2027-10-12\')')
 4 APPPATH\Models\InsumosModel.php(27): CodeIgniter\Database\BaseConnection->query('INSERT INTO insumos (nome, risco, unidade_medida, descricao, quantidade_atual, estoque_minimo, data_validade) VALUES (?, ?, ?, ?, ?, ?, ?)', [...])
 5 APPPATH\Controllers\InsumosController.php(29): App\Models\InsumosModel->inserirInsumo('Ácido Nítrico', '🔴 Alto', 'Litro (L)', 'Ácido forte utilizado em sínteses químicas e indústria metalúrgica', null, '25', '2027-10-12')
 6 SYSTEMPATH\CodeIgniter.php(951): App\Controllers\InsumosController->cadastrarInsumo()
 7 SYSTEMPATH\CodeIgniter.php(497): CodeIgniter\CodeIgniter->runController(Object(App\Controllers\InsumosController))
 8 SYSTEMPATH\CodeIgniter.php(340): CodeIgniter\CodeIgniter->handleRequest(null, Object(Config\Cache), false)
 9 SYSTEMPATH\Boot.php(417): CodeIgniter\CodeIgniter->run()
10 SYSTEMPATH\Boot.php(68): CodeIgniter\Boot::runCodeIgniter(Object(CodeIgniter\CodeIgniter))
11 FCPATH\index.php(64): CodeIgniter\Boot::bootWeb(Object(Config\Paths))
CRITICAL - 2026-04-16 23:40:18 --> CodeIgniter\Database\Exceptions\DatabaseException: Column 'quantidade_atual' cannot be null
[Method: POST, Route: cadastrar_insumo]
in SYSTEMPATH\Database\BaseConnection.php on line 724.
 1 APPPATH\Models\InsumosModel.php(27): CodeIgniter\Database\BaseConnection->query('INSERT INTO insumos (nome, risco, unidade_medida, descricao, quantidade_atual, estoque_minimo, data_validade) VALUES (?, ?, ?, ?, ?, ?, ?)', [...])
 2 APPPATH\Controllers\InsumosController.php(29): App\Models\InsumosModel->inserirInsumo('Ácido Nítrico', '🔴 Alto', 'Litro (L)', 'Ácido forte utilizado em sínteses químicas e indústria metalúrgica', null, '25', '2027-10-12')
 3 SYSTEMPATH\CodeIgniter.php(951): App\Controllers\InsumosController->cadastrarInsumo()
 4 SYSTEMPATH\CodeIgniter.php(497): CodeIgniter\CodeIgniter->runController(Object(App\Controllers\InsumosController))
 5 SYSTEMPATH\CodeIgniter.php(340): CodeIgniter\CodeIgniter->handleRequest(null, Object(Config\Cache), false)
 6 SYSTEMPATH\Boot.php(417): CodeIgniter\CodeIgniter->run()
 7 SYSTEMPATH\Boot.php(68): CodeIgniter\Boot::runCodeIgniter(Object(CodeIgniter\CodeIgniter))
 8 FCPATH\index.php(64): CodeIgniter\Boot::bootWeb(Object(Config\Paths))
CRITICAL - 2026-04-16 23:40:18 --> [Caused by] CodeIgniter\Database\Exceptions\DatabaseException: Column 'quantidade_atual' cannot be null
in SYSTEMPATH\Database\MySQLi\Connection.php on line 310.
 1 SYSTEMPATH\Database\BaseConnection.php(769): CodeIgniter\Database\MySQLi\Connection->execute('INSERT INTO insumos (nome, risco, unidade_medida, descricao, quantidade_atual, estoque_minimo, data_validade) VALUES (\'Ácido Nítrico\', \'🔴 Alto\', \'Litro (L)\', \'Ácido forte utilizado em sínteses químicas e indústria metalúrgica\', NULL, \'25\', \'2027-10-12\')')
 2 SYSTEMPATH\Database\BaseConnection.php(686): CodeIgniter\Database\BaseConnection->simpleQuery('INSERT INTO insumos (nome, risco, unidade_medida, descricao, quantidade_atual, estoque_minimo, data_validade) VALUES (\'Ácido Nítrico\', \'🔴 Alto\', \'Litro (L)\', \'Ácido forte utilizado em sínteses químicas e indústria metalúrgica\', NULL, \'25\', \'2027-10-12\')')
 3 APPPATH\Models\InsumosModel.php(27): CodeIgniter\Database\BaseConnection->query('INSERT INTO insumos (nome, risco, unidade_medida, descricao, quantidade_atual, estoque_minimo, data_validade) VALUES (?, ?, ?, ?, ?, ?, ?)', [...])
 4 APPPATH\Controllers\InsumosController.php(29): App\Models\InsumosModel->inserirInsumo('Ácido Nítrico', '🔴 Alto', 'Litro (L)', 'Ácido forte utilizado em sínteses químicas e indústria metalúrgica', null, '25', '2027-10-12')
 5 SYSTEMPATH\CodeIgniter.php(951): App\Controllers\InsumosController->cadastrarInsumo()
 6 SYSTEMPATH\CodeIgniter.php(497): CodeIgniter\CodeIgniter->runController(Object(App\Controllers\InsumosController))
 7 SYSTEMPATH\CodeIgniter.php(340): CodeIgniter\CodeIgniter->handleRequest(null, Object(Config\Cache), false)
 8 SYSTEMPATH\Boot.php(417): CodeIgniter\CodeIgniter->run()
 9 SYSTEMPATH\Boot.php(68): CodeIgniter\Boot::runCodeIgniter(Object(CodeIgniter\CodeIgniter))
10 FCPATH\index.php(64): CodeIgniter\Boot::bootWeb(Object(Config\Paths))
CRITICAL - 2026-04-16 23:40:18 --> [Caused by] mysqli_sql_exception: Column 'quantidade_atual' cannot be null
in SYSTEMPATH\Database\MySQLi\Connection.php on line 300.
 1 SYSTEMPATH\Database\MySQLi\Connection.php(300): mysqli->query('INSERT INTO insumos (nome, risco, unidade_medida, descricao, quantidade_atual, estoque_minimo, data_validade) VALUES (\'Ácido Nítrico\', \'🔴 Alto\', \'Litro (L)\', \'Ácido forte utilizado em sínteses químicas e indústria metalúrgica\', NULL, \'25\', \'2027-10-12\')', 0)
 2 SYSTEMPATH\Database\BaseConnection.php(769): CodeIgniter\Database\MySQLi\Connection->execute('INSERT INTO insumos (nome, risco, unidade_medida, descricao, quantidade_atual, estoque_minimo, data_validade) VALUES (\'Ácido Nítrico\', \'🔴 Alto\', \'Litro (L)\', \'Ácido forte utilizado em sínteses químicas e indústria metalúrgica\', NULL, \'25\', \'2027-10-12\')')
 3 SYSTEMPATH\Database\BaseConnection.php(686): CodeIgniter\Database\BaseConnection->simpleQuery('INSERT INTO insumos (nome, risco, unidade_medida, descricao, quantidade_atual, estoque_minimo, data_validade) VALUES (\'Ácido Nítrico\', \'🔴 Alto\', \'Litro (L)\', \'Ácido forte utilizado em sínteses químicas e indústria metalúrgica\', NULL, \'25\', \'2027-10-12\')')
 4 APPPATH\Models\InsumosModel.php(27): CodeIgniter\Database\BaseConnection->query('INSERT INTO insumos (nome, risco, unidade_medida, descricao, quantidade_atual, estoque_minimo, data_validade) VALUES (?, ?, ?, ?, ?, ?, ?)', [...])
 5 APPPATH\Controllers\InsumosController.php(29): App\Models\InsumosModel->inserirInsumo('Ácido Nítrico', '🔴 Alto', 'Litro (L)', 'Ácido forte utilizado em sínteses químicas e indústria metalúrgica', null, '25', '2027-10-12')
 6 SYSTEMPATH\CodeIgniter.php(951): App\Controllers\InsumosController->cadastrarInsumo()
 7 SYSTEMPATH\CodeIgniter.php(497): CodeIgniter\CodeIgniter->runController(Object(App\Controllers\InsumosController))
 8 SYSTEMPATH\CodeIgniter.php(340): CodeIgniter\CodeIgniter->handleRequest(null, Object(Config\Cache), false)
 9 SYSTEMPATH\Boot.php(417): CodeIgniter\CodeIgniter->run()
10 SYSTEMPATH\Boot.php(68): CodeIgniter\Boot::runCodeIgniter(Object(CodeIgniter\CodeIgniter))
11 FCPATH\index.php(64): CodeIgniter\Boot::bootWeb(Object(Config\Paths))
ERROR - 2026-04-16 23:42:28 --> Column 'quantidade_atual' cannot be null
in SYSTEMPATH\Database\MySQLi\Connection.php on line 300.
 1 SYSTEMPATH\Database\MySQLi\Connection.php(300): mysqli->query('INSERT INTO insumos (nome, risco, unidade_medida, descricao, quantidade_atual, estoque_minimo, data_validade) VALUES (\'Ácido Nítrico\', \'🔴 Alto\', \'Litro (L)\', \'Ácido forte utilizado em sínteses químicas e indústria metalúrgica\', NULL, \'25\', \'2027-10-12\')', 0)
 2 SYSTEMPATH\Database\BaseConnection.php(769): CodeIgniter\Database\MySQLi\Connection->execute('INSERT INTO insumos (nome, risco, unidade_medida, descricao, quantidade_atual, estoque_minimo, data_validade) VALUES (\'Ácido Nítrico\', \'🔴 Alto\', \'Litro (L)\', \'Ácido forte utilizado em sínteses químicas e indústria metalúrgica\', NULL, \'25\', \'2027-10-12\')')
 3 SYSTEMPATH\Database\BaseConnection.php(686): CodeIgniter\Database\BaseConnection->simpleQuery('INSERT INTO insumos (nome, risco, unidade_medida, descricao, quantidade_atual, estoque_minimo, data_validade) VALUES (\'Ácido Nítrico\', \'🔴 Alto\', \'Litro (L)\', \'Ácido forte utilizado em sínteses químicas e indústria metalúrgica\', NULL, \'25\', \'2027-10-12\')')
 4 APPPATH\Models\InsumosModel.php(27): CodeIgniter\Database\BaseConnection->query('INSERT INTO insumos (nome, risco, unidade_medida, descricao, quantidade_atual, estoque_minimo, data_validade) VALUES (?, ?, ?, ?, ?, ?, ?)', [...])
 5 APPPATH\Controllers\InsumosController.php(29): App\Models\InsumosModel->inserirInsumo('Ácido Nítrico', '🔴 Alto', 'Litro (L)', 'Ácido forte utilizado em sínteses químicas e indústria metalúrgica', null, '25', '2027-10-12')
 6 SYSTEMPATH\CodeIgniter.php(951): App\Controllers\InsumosController->cadastrarInsumo()
 7 SYSTEMPATH\CodeIgniter.php(497): CodeIgniter\CodeIgniter->runController(Object(App\Controllers\InsumosController))
 8 SYSTEMPATH\CodeIgniter.php(340): CodeIgniter\CodeIgniter->handleRequest(null, Object(Config\Cache), false)
 9 SYSTEMPATH\Boot.php(417): CodeIgniter\CodeIgniter->run()
10 SYSTEMPATH\Boot.php(68): CodeIgniter\Boot::runCodeIgniter(Object(CodeIgniter\CodeIgniter))
11 FCPATH\index.php(64): CodeIgniter\Boot::bootWeb(Object(Config\Paths))
CRITICAL - 2026-04-16 23:42:28 --> CodeIgniter\Database\Exceptions\DatabaseException: Column 'quantidade_atual' cannot be null
[Method: POST, Route: cadastrar_insumo]
in SYSTEMPATH\Database\BaseConnection.php on line 724.
 1 APPPATH\Models\InsumosModel.php(27): CodeIgniter\Database\BaseConnection->query('INSERT INTO insumos (nome, risco, unidade_medida, descricao, quantidade_atual, estoque_minimo, data_validade) VALUES (?, ?, ?, ?, ?, ?, ?)', [...])
 2 APPPATH\Controllers\InsumosController.php(29): App\Models\InsumosModel->inserirInsumo('Ácido Nítrico', '🔴 Alto', 'Litro (L)', 'Ácido forte utilizado em sínteses químicas e indústria metalúrgica', null, '25', '2027-10-12')
 3 SYSTEMPATH\CodeIgniter.php(951): App\Controllers\InsumosController->cadastrarInsumo()
 4 SYSTEMPATH\CodeIgniter.php(497): CodeIgniter\CodeIgniter->runController(Object(App\Controllers\InsumosController))
 5 SYSTEMPATH\CodeIgniter.php(340): CodeIgniter\CodeIgniter->handleRequest(null, Object(Config\Cache), false)
 6 SYSTEMPATH\Boot.php(417): CodeIgniter\CodeIgniter->run()
 7 SYSTEMPATH\Boot.php(68): CodeIgniter\Boot::runCodeIgniter(Object(CodeIgniter\CodeIgniter))
 8 FCPATH\index.php(64): CodeIgniter\Boot::bootWeb(Object(Config\Paths))
CRITICAL - 2026-04-16 23:42:28 --> [Caused by] CodeIgniter\Database\Exceptions\DatabaseException: Column 'quantidade_atual' cannot be null
in SYSTEMPATH\Database\MySQLi\Connection.php on line 310.
 1 SYSTEMPATH\Database\BaseConnection.php(769): CodeIgniter\Database\MySQLi\Connection->execute('INSERT INTO insumos (nome, risco, unidade_medida, descricao, quantidade_atual, estoque_minimo, data_validade) VALUES (\'Ácido Nítrico\', \'🔴 Alto\', \'Litro (L)\', \'Ácido forte utilizado em sínteses químicas e indústria metalúrgica\', NULL, \'25\', \'2027-10-12\')')
 2 SYSTEMPATH\Database\BaseConnection.php(686): CodeIgniter\Database\BaseConnection->simpleQuery('INSERT INTO insumos (nome, risco, unidade_medida, descricao, quantidade_atual, estoque_minimo, data_validade) VALUES (\'Ácido Nítrico\', \'🔴 Alto\', \'Litro (L)\', \'Ácido forte utilizado em sínteses químicas e indústria metalúrgica\', NULL, \'25\', \'2027-10-12\')')
 3 APPPATH\Models\InsumosModel.php(27): CodeIgniter\Database\BaseConnection->query('INSERT INTO insumos (nome, risco, unidade_medida, descricao, quantidade_atual, estoque_minimo, data_validade) VALUES (?, ?, ?, ?, ?, ?, ?)', [...])
 4 APPPATH\Controllers\InsumosController.php(29): App\Models\InsumosModel->inserirInsumo('Ácido Nítrico', '🔴 Alto', 'Litro (L)', 'Ácido forte utilizado em sínteses químicas e indústria metalúrgica', null, '25', '2027-10-12')
 5 SYSTEMPATH\CodeIgniter.php(951): App\Controllers\InsumosController->cadastrarInsumo()
 6 SYSTEMPATH\CodeIgniter.php(497): CodeIgniter\CodeIgniter->runController(Object(App\Controllers\InsumosController))
 7 SYSTEMPATH\CodeIgniter.php(340): CodeIgniter\CodeIgniter->handleRequest(null, Object(Config\Cache), false)
 8 SYSTEMPATH\Boot.php(417): CodeIgniter\CodeIgniter->run()
 9 SYSTEMPATH\Boot.php(68): CodeIgniter\Boot::runCodeIgniter(Object(CodeIgniter\CodeIgniter))
10 FCPATH\index.php(64): CodeIgniter\Boot::bootWeb(Object(Config\Paths))
CRITICAL - 2026-04-16 23:42:28 --> [Caused by] mysqli_sql_exception: Column 'quantidade_atual' cannot be null
in SYSTEMPATH\Database\MySQLi\Connection.php on line 300.
 1 SYSTEMPATH\Database\MySQLi\Connection.php(300): mysqli->query('INSERT INTO insumos (nome, risco, unidade_medida, descricao, quantidade_atual, estoque_minimo, data_validade) VALUES (\'Ácido Nítrico\', \'🔴 Alto\', \'Litro (L)\', \'Ácido forte utilizado em sínteses químicas e indústria metalúrgica\', NULL, \'25\', \'2027-10-12\')', 0)
 2 SYSTEMPATH\Database\BaseConnection.php(769): CodeIgniter\Database\MySQLi\Connection->execute('INSERT INTO insumos (nome, risco, unidade_medida, descricao, quantidade_atual, estoque_minimo, data_validade) VALUES (\'Ácido Nítrico\', \'🔴 Alto\', \'Litro (L)\', \'Ácido forte utilizado em sínteses químicas e indústria metalúrgica\', NULL, \'25\', \'2027-10-12\')')
 3 SYSTEMPATH\Database\BaseConnection.php(686): CodeIgniter\Database\BaseConnection->simpleQuery('INSERT INTO insumos (nome, risco, unidade_medida, descricao, quantidade_atual, estoque_minimo, data_validade) VALUES (\'Ácido Nítrico\', \'🔴 Alto\', \'Litro (L)\', \'Ácido forte utilizado em sínteses químicas e indústria metalúrgica\', NULL, \'25\', \'2027-10-12\')')
 4 APPPATH\Models\InsumosModel.php(27): CodeIgniter\Database\BaseConnection->query('INSERT INTO insumos (nome, risco, unidade_medida, descricao, quantidade_atual, estoque_minimo, data_validade) VALUES (?, ?, ?, ?, ?, ?, ?)', [...])
 5 APPPATH\Controllers\InsumosController.php(29): App\Models\InsumosModel->inserirInsumo('Ácido Nítrico', '🔴 Alto', 'Litro (L)', 'Ácido forte utilizado em sínteses químicas e indústria metalúrgica', null, '25', '2027-10-12')
 6 SYSTEMPATH\CodeIgniter.php(951): App\Controllers\InsumosController->cadastrarInsumo()
 7 SYSTEMPATH\CodeIgniter.php(497): CodeIgniter\CodeIgniter->runController(Object(App\Controllers\InsumosController))
 8 SYSTEMPATH\CodeIgniter.php(340): CodeIgniter\CodeIgniter->handleRequest(null, Object(Config\Cache), false)
 9 SYSTEMPATH\Boot.php(417): CodeIgniter\CodeIgniter->run()
10 SYSTEMPATH\Boot.php(68): CodeIgniter\Boot::runCodeIgniter(Object(CodeIgniter\CodeIgniter))
11 FCPATH\index.php(64): CodeIgniter\Boot::bootWeb(Object(Config\Paths))
ERROR - 2026-04-16 23:42:56 --> Column 'quantidade_atual' cannot be null
in SYSTEMPATH\Database\MySQLi\Connection.php on line 300.
 1 SYSTEMPATH\Database\MySQLi\Connection.php(300): mysqli->query('INSERT INTO insumos (nome, risco, unidade_medida, descricao, quantidade_atual, estoque_minimo, data_validade) VALUES (\'Ácido Nítrico\', \'🔴 Alto\', \'Litro (L)\', \'Ácido forte utilizado em sínteses químicas e indústria metalúrgica\', NULL, \'25\', \'2027-10-12\')', 0)
 2 SYSTEMPATH\Database\BaseConnection.php(769): CodeIgniter\Database\MySQLi\Connection->execute('INSERT INTO insumos (nome, risco, unidade_medida, descricao, quantidade_atual, estoque_minimo, data_validade) VALUES (\'Ácido Nítrico\', \'🔴 Alto\', \'Litro (L)\', \'Ácido forte utilizado em sínteses químicas e indústria metalúrgica\', NULL, \'25\', \'2027-10-12\')')
 3 SYSTEMPATH\Database\BaseConnection.php(686): CodeIgniter\Database\BaseConnection->simpleQuery('INSERT INTO insumos (nome, risco, unidade_medida, descricao, quantidade_atual, estoque_minimo, data_validade) VALUES (\'Ácido Nítrico\', \'🔴 Alto\', \'Litro (L)\', \'Ácido forte utilizado em sínteses químicas e indústria metalúrgica\', NULL, \'25\', \'2027-10-12\')')
 4 APPPATH\Models\InsumosModel.php(27): CodeIgniter\Database\BaseConnection->query('INSERT INTO insumos (nome, risco, unidade_medida, descricao, quantidade_atual, estoque_minimo, data_validade) VALUES (?, ?, ?, ?, ?, ?, ?)', [...])
 5 APPPATH\Controllers\InsumosController.php(29): App\Models\InsumosModel->inserirInsumo('Ácido Nítrico', '🔴 Alto', 'Litro (L)', 'Ácido forte utilizado em sínteses químicas e indústria metalúrgica', null, '25', '2027-10-12')
 6 SYSTEMPATH\CodeIgniter.php(951): App\Controllers\InsumosController->cadastrarInsumo()
 7 SYSTEMPATH\CodeIgniter.php(497): CodeIgniter\CodeIgniter->runController(Object(App\Controllers\InsumosController))
 8 SYSTEMPATH\CodeIgniter.php(340): CodeIgniter\CodeIgniter->handleRequest(null, Object(Config\Cache), false)
 9 SYSTEMPATH\Boot.php(417): CodeIgniter\CodeIgniter->run()
10 SYSTEMPATH\Boot.php(68): CodeIgniter\Boot::runCodeIgniter(Object(CodeIgniter\CodeIgniter))
11 FCPATH\index.php(64): CodeIgniter\Boot::bootWeb(Object(Config\Paths))
CRITICAL - 2026-04-16 23:42:56 --> CodeIgniter\Database\Exceptions\DatabaseException: Column 'quantidade_atual' cannot be null
[Method: POST, Route: cadastrar_insumo]
in SYSTEMPATH\Database\BaseConnection.php on line 724.
 1 APPPATH\Models\InsumosModel.php(27): CodeIgniter\Database\BaseConnection->query('INSERT INTO insumos (nome, risco, unidade_medida, descricao, quantidade_atual, estoque_minimo, data_validade) VALUES (?, ?, ?, ?, ?, ?, ?)', [...])
 2 APPPATH\Controllers\InsumosController.php(29): App\Models\InsumosModel->inserirInsumo('Ácido Nítrico', '🔴 Alto', 'Litro (L)', 'Ácido forte utilizado em sínteses químicas e indústria metalúrgica', null, '25', '2027-10-12')
 3 SYSTEMPATH\CodeIgniter.php(951): App\Controllers\InsumosController->cadastrarInsumo()
 4 SYSTEMPATH\CodeIgniter.php(497): CodeIgniter\CodeIgniter->runController(Object(App\Controllers\InsumosController))
 5 SYSTEMPATH\CodeIgniter.php(340): CodeIgniter\CodeIgniter->handleRequest(null, Object(Config\Cache), false)
 6 SYSTEMPATH\Boot.php(417): CodeIgniter\CodeIgniter->run()
 7 SYSTEMPATH\Boot.php(68): CodeIgniter\Boot::runCodeIgniter(Object(CodeIgniter\CodeIgniter))
 8 FCPATH\index.php(64): CodeIgniter\Boot::bootWeb(Object(Config\Paths))
CRITICAL - 2026-04-16 23:42:56 --> [Caused by] CodeIgniter\Database\Exceptions\DatabaseException: Column 'quantidade_atual' cannot be null
in SYSTEMPATH\Database\MySQLi\Connection.php on line 310.
 1 SYSTEMPATH\Database\BaseConnection.php(769): CodeIgniter\Database\MySQLi\Connection->execute('INSERT INTO insumos (nome, risco, unidade_medida, descricao, quantidade_atual, estoque_minimo, data_validade) VALUES (\'Ácido Nítrico\', \'🔴 Alto\', \'Litro (L)\', \'Ácido forte utilizado em sínteses químicas e indústria metalúrgica\', NULL, \'25\', \'2027-10-12\')')
 2 SYSTEMPATH\Database\BaseConnection.php(686): CodeIgniter\Database\BaseConnection->simpleQuery('INSERT INTO insumos (nome, risco, unidade_medida, descricao, quantidade_atual, estoque_minimo, data_validade) VALUES (\'Ácido Nítrico\', \'🔴 Alto\', \'Litro (L)\', \'Ácido forte utilizado em sínteses químicas e indústria metalúrgica\', NULL, \'25\', \'2027-10-12\')')
 3 APPPATH\Models\InsumosModel.php(27): CodeIgniter\Database\BaseConnection->query('INSERT INTO insumos (nome, risco, unidade_medida, descricao, quantidade_atual, estoque_minimo, data_validade) VALUES (?, ?, ?, ?, ?, ?, ?)', [...])
 4 APPPATH\Controllers\InsumosController.php(29): App\Models\InsumosModel->inserirInsumo('Ácido Nítrico', '🔴 Alto', 'Litro (L)', 'Ácido forte utilizado em sínteses químicas e indústria metalúrgica', null, '25', '2027-10-12')
 5 SYSTEMPATH\CodeIgniter.php(951): App\Controllers\InsumosController->cadastrarInsumo()
 6 SYSTEMPATH\CodeIgniter.php(497): CodeIgniter\CodeIgniter->runController(Object(App\Controllers\InsumosController))
 7 SYSTEMPATH\CodeIgniter.php(340): CodeIgniter\CodeIgniter->handleRequest(null, Object(Config\Cache), false)
 8 SYSTEMPATH\Boot.php(417): CodeIgniter\CodeIgniter->run()
 9 SYSTEMPATH\Boot.php(68): CodeIgniter\Boot::runCodeIgniter(Object(CodeIgniter\CodeIgniter))
10 FCPATH\index.php(64): CodeIgniter\Boot::bootWeb(Object(Config\Paths))
CRITICAL - 2026-04-16 23:42:56 --> [Caused by] mysqli_sql_exception: Column 'quantidade_atual' cannot be null
in SYSTEMPATH\Database\MySQLi\Connection.php on line 300.
 1 SYSTEMPATH\Database\MySQLi\Connection.php(300): mysqli->query('INSERT INTO insumos (nome, risco, unidade_medida, descricao, quantidade_atual, estoque_minimo, data_validade) VALUES (\'Ácido Nítrico\', \'🔴 Alto\', \'Litro (L)\', \'Ácido forte utilizado em sínteses químicas e indústria metalúrgica\', NULL, \'25\', \'2027-10-12\')', 0)
 2 SYSTEMPATH\Database\BaseConnection.php(769): CodeIgniter\Database\MySQLi\Connection->execute('INSERT INTO insumos (nome, risco, unidade_medida, descricao, quantidade_atual, estoque_minimo, data_validade) VALUES (\'Ácido Nítrico\', \'🔴 Alto\', \'Litro (L)\', \'Ácido forte utilizado em sínteses químicas e indústria metalúrgica\', NULL, \'25\', \'2027-10-12\')')
 3 SYSTEMPATH\Database\BaseConnection.php(686): CodeIgniter\Database\BaseConnection->simpleQuery('INSERT INTO insumos (nome, risco, unidade_medida, descricao, quantidade_atual, estoque_minimo, data_validade) VALUES (\'Ácido Nítrico\', \'🔴 Alto\', \'Litro (L)\', \'Ácido forte utilizado em sínteses químicas e indústria metalúrgica\', NULL, \'25\', \'2027-10-12\')')
 4 APPPATH\Models\InsumosModel.php(27): CodeIgniter\Database\BaseConnection->query('INSERT INTO insumos (nome, risco, unidade_medida, descricao, quantidade_atual, estoque_minimo, data_validade) VALUES (?, ?, ?, ?, ?, ?, ?)', [...])
 5 APPPATH\Controllers\InsumosController.php(29): App\Models\InsumosModel->inserirInsumo('Ácido Nítrico', '🔴 Alto', 'Litro (L)', 'Ácido forte utilizado em sínteses químicas e indústria metalúrgica', null, '25', '2027-10-12')
 6 SYSTEMPATH\CodeIgniter.php(951): App\Controllers\InsumosController->cadastrarInsumo()
 7 SYSTEMPATH\CodeIgniter.php(497): CodeIgniter\CodeIgniter->runController(Object(App\Controllers\InsumosController))
 8 SYSTEMPATH\CodeIgniter.php(340): CodeIgniter\CodeIgniter->handleRequest(null, Object(Config\Cache), false)
 9 SYSTEMPATH\Boot.php(417): CodeIgniter\CodeIgniter->run()
10 SYSTEMPATH\Boot.php(68): CodeIgniter\Boot::runCodeIgniter(Object(CodeIgniter\CodeIgniter))
11 FCPATH\index.php(64): CodeIgniter\Boot::bootWeb(Object(Config\Paths))
ERROR - 2026-04-16 23:43:00 --> Column 'quantidade_atual' cannot be null
in SYSTEMPATH\Database\MySQLi\Connection.php on line 300.
 1 SYSTEMPATH\Database\MySQLi\Connection.php(300): mysqli->query('INSERT INTO insumos (nome, risco, unidade_medida, descricao, quantidade_atual, estoque_minimo, data_validade) VALUES (\'Ácido Nítrico\', \'🔴 Alto\', \'Litro (L)\', \'Ácido forte utilizado em sínteses químicas e indústria metalúrgica\', NULL, \'25.00\', \'2027-10-12\')', 0)
 2 SYSTEMPATH\Database\BaseConnection.php(769): CodeIgniter\Database\MySQLi\Connection->execute('INSERT INTO insumos (nome, risco, unidade_medida, descricao, quantidade_atual, estoque_minimo, data_validade) VALUES (\'Ácido Nítrico\', \'🔴 Alto\', \'Litro (L)\', \'Ácido forte utilizado em sínteses químicas e indústria metalúrgica\', NULL, \'25.00\', \'2027-10-12\')')
 3 SYSTEMPATH\Database\BaseConnection.php(686): CodeIgniter\Database\BaseConnection->simpleQuery('INSERT INTO insumos (nome, risco, unidade_medida, descricao, quantidade_atual, estoque_minimo, data_validade) VALUES (\'Ácido Nítrico\', \'🔴 Alto\', \'Litro (L)\', \'Ácido forte utilizado em sínteses químicas e indústria metalúrgica\', NULL, \'25.00\', \'2027-10-12\')')
 4 APPPATH\Models\InsumosModel.php(27): CodeIgniter\Database\BaseConnection->query('INSERT INTO insumos (nome, risco, unidade_medida, descricao, quantidade_atual, estoque_minimo, data_validade) VALUES (?, ?, ?, ?, ?, ?, ?)', [...])
 5 APPPATH\Controllers\InsumosController.php(29): App\Models\InsumosModel->inserirInsumo('Ácido Nítrico', '🔴 Alto', 'Litro (L)', 'Ácido forte utilizado em sínteses químicas e indústria metalúrgica', null, '25.00', '2027-10-12')
 6 SYSTEMPATH\CodeIgniter.php(951): App\Controllers\InsumosController->cadastrarInsumo()
 7 SYSTEMPATH\CodeIgniter.php(497): CodeIgniter\CodeIgniter->runController(Object(App\Controllers\InsumosController))
 8 SYSTEMPATH\CodeIgniter.php(340): CodeIgniter\CodeIgniter->handleRequest(null, Object(Config\Cache), false)
 9 SYSTEMPATH\Boot.php(417): CodeIgniter\CodeIgniter->run()
10 SYSTEMPATH\Boot.php(68): CodeIgniter\Boot::runCodeIgniter(Object(CodeIgniter\CodeIgniter))
11 FCPATH\index.php(64): CodeIgniter\Boot::bootWeb(Object(Config\Paths))
CRITICAL - 2026-04-16 23:43:00 --> CodeIgniter\Database\Exceptions\DatabaseException: Column 'quantidade_atual' cannot be null
[Method: POST, Route: cadastrar_insumo]
in SYSTEMPATH\Database\BaseConnection.php on line 724.
 1 APPPATH\Models\InsumosModel.php(27): CodeIgniter\Database\BaseConnection->query('INSERT INTO insumos (nome, risco, unidade_medida, descricao, quantidade_atual, estoque_minimo, data_validade) VALUES (?, ?, ?, ?, ?, ?, ?)', [...])
 2 APPPATH\Controllers\InsumosController.php(29): App\Models\InsumosModel->inserirInsumo('Ácido Nítrico', '🔴 Alto', 'Litro (L)', 'Ácido forte utilizado em sínteses químicas e indústria metalúrgica', null, '25.00', '2027-10-12')
 3 SYSTEMPATH\CodeIgniter.php(951): App\Controllers\InsumosController->cadastrarInsumo()
 4 SYSTEMPATH\CodeIgniter.php(497): CodeIgniter\CodeIgniter->runController(Object(App\Controllers\InsumosController))
 5 SYSTEMPATH\CodeIgniter.php(340): CodeIgniter\CodeIgniter->handleRequest(null, Object(Config\Cache), false)
 6 SYSTEMPATH\Boot.php(417): CodeIgniter\CodeIgniter->run()
 7 SYSTEMPATH\Boot.php(68): CodeIgniter\Boot::runCodeIgniter(Object(CodeIgniter\CodeIgniter))
 8 FCPATH\index.php(64): CodeIgniter\Boot::bootWeb(Object(Config\Paths))
CRITICAL - 2026-04-16 23:43:00 --> [Caused by] CodeIgniter\Database\Exceptions\DatabaseException: Column 'quantidade_atual' cannot be null
in SYSTEMPATH\Database\MySQLi\Connection.php on line 310.
 1 SYSTEMPATH\Database\BaseConnection.php(769): CodeIgniter\Database\MySQLi\Connection->execute('INSERT INTO insumos (nome, risco, unidade_medida, descricao, quantidade_atual, estoque_minimo, data_validade) VALUES (\'Ácido Nítrico\', \'🔴 Alto\', \'Litro (L)\', \'Ácido forte utilizado em sínteses químicas e indústria metalúrgica\', NULL, \'25.00\', \'2027-10-12\')')
 2 SYSTEMPATH\Database\BaseConnection.php(686): CodeIgniter\Database\BaseConnection->simpleQuery('INSERT INTO insumos (nome, risco, unidade_medida, descricao, quantidade_atual, estoque_minimo, data_validade) VALUES (\'Ácido Nítrico\', \'🔴 Alto\', \'Litro (L)\', \'Ácido forte utilizado em sínteses químicas e indústria metalúrgica\', NULL, \'25.00\', \'2027-10-12\')')
 3 APPPATH\Models\InsumosModel.php(27): CodeIgniter\Database\BaseConnection->query('INSERT INTO insumos (nome, risco, unidade_medida, descricao, quantidade_atual, estoque_minimo, data_validade) VALUES (?, ?, ?, ?, ?, ?, ?)', [...])
 4 APPPATH\Controllers\InsumosController.php(29): App\Models\InsumosModel->inserirInsumo('Ácido Nítrico', '🔴 Alto', 'Litro (L)', 'Ácido forte utilizado em sínteses químicas e indústria metalúrgica', null, '25.00', '2027-10-12')
 5 SYSTEMPATH\CodeIgniter.php(951): App\Controllers\InsumosController->cadastrarInsumo()
 6 SYSTEMPATH\CodeIgniter.php(497): CodeIgniter\CodeIgniter->runController(Object(App\Controllers\InsumosController))
 7 SYSTEMPATH\CodeIgniter.php(340): CodeIgniter\CodeIgniter->handleRequest(null, Object(Config\Cache), false)
 8 SYSTEMPATH\Boot.php(417): CodeIgniter\CodeIgniter->run()
 9 SYSTEMPATH\Boot.php(68): CodeIgniter\Boot::runCodeIgniter(Object(CodeIgniter\CodeIgniter))
10 FCPATH\index.php(64): CodeIgniter\Boot::bootWeb(Object(Config\Paths))
CRITICAL - 2026-04-16 23:43:00 --> [Caused by] mysqli_sql_exception: Column 'quantidade_atual' cannot be null
in SYSTEMPATH\Database\MySQLi\Connection.php on line 300.
 1 SYSTEMPATH\Database\MySQLi\Connection.php(300): mysqli->query('INSERT INTO insumos (nome, risco, unidade_medida, descricao, quantidade_atual, estoque_minimo, data_validade) VALUES (\'Ácido Nítrico\', \'🔴 Alto\', \'Litro (L)\', \'Ácido forte utilizado em sínteses químicas e indústria metalúrgica\', NULL, \'25.00\', \'2027-10-12\')', 0)
 2 SYSTEMPATH\Database\BaseConnection.php(769): CodeIgniter\Database\MySQLi\Connection->execute('INSERT INTO insumos (nome, risco, unidade_medida, descricao, quantidade_atual, estoque_minimo, data_validade) VALUES (\'Ácido Nítrico\', \'🔴 Alto\', \'Litro (L)\', \'Ácido forte utilizado em sínteses químicas e indústria metalúrgica\', NULL, \'25.00\', \'2027-10-12\')')
 3 SYSTEMPATH\Database\BaseConnection.php(686): CodeIgniter\Database\BaseConnection->simpleQuery('INSERT INTO insumos (nome, risco, unidade_medida, descricao, quantidade_atual, estoque_minimo, data_validade) VALUES (\'Ácido Nítrico\', \'🔴 Alto\', \'Litro (L)\', \'Ácido forte utilizado em sínteses químicas e indústria metalúrgica\', NULL, \'25.00\', \'2027-10-12\')')
 4 APPPATH\Models\InsumosModel.php(27): CodeIgniter\Database\BaseConnection->query('INSERT INTO insumos (nome, risco, unidade_medida, descricao, quantidade_atual, estoque_minimo, data_validade) VALUES (?, ?, ?, ?, ?, ?, ?)', [...])
 5 APPPATH\Controllers\InsumosController.php(29): App\Models\InsumosModel->inserirInsumo('Ácido Nítrico', '🔴 Alto', 'Litro (L)', 'Ácido forte utilizado em sínteses químicas e indústria metalúrgica', null, '25.00', '2027-10-12')
 6 SYSTEMPATH\CodeIgniter.php(951): App\Controllers\InsumosController->cadastrarInsumo()
 7 SYSTEMPATH\CodeIgniter.php(497): CodeIgniter\CodeIgniter->runController(Object(App\Controllers\InsumosController))
 8 SYSTEMPATH\CodeIgniter.php(340): CodeIgniter\CodeIgniter->handleRequest(null, Object(Config\Cache), false)
 9 SYSTEMPATH\Boot.php(417): CodeIgniter\CodeIgniter->run()
10 SYSTEMPATH\Boot.php(68): CodeIgniter\Boot::runCodeIgniter(Object(CodeIgniter\CodeIgniter))
11 FCPATH\index.php(64): CodeIgniter\Boot::bootWeb(Object(Config\Paths))
ERROR - 2026-04-16 23:44:16 --> Column 'quantidade_atual' cannot be null
in SYSTEMPATH\Database\MySQLi\Connection.php on line 300.
 1 SYSTEMPATH\Database\MySQLi\Connection.php(300): mysqli->query('INSERT INTO insumos (nome, risco, unidade_medida, descricao, quantidade_atual, estoque_minimo, data_validade) VALUES (\'Ácido Nítrico\', \'🔴 Alto\', \'Litro (L)\', \'Ácido forte utilizado em sínteses químicas e indústria metalúrgica\', NULL, \'25.00\', \'2027-10-12\')', 0)
 2 SYSTEMPATH\Database\BaseConnection.php(769): CodeIgniter\Database\MySQLi\Connection->execute('INSERT INTO insumos (nome, risco, unidade_medida, descricao, quantidade_atual, estoque_minimo, data_validade) VALUES (\'Ácido Nítrico\', \'🔴 Alto\', \'Litro (L)\', \'Ácido forte utilizado em sínteses químicas e indústria metalúrgica\', NULL, \'25.00\', \'2027-10-12\')')
 3 SYSTEMPATH\Database\BaseConnection.php(686): CodeIgniter\Database\BaseConnection->simpleQuery('INSERT INTO insumos (nome, risco, unidade_medida, descricao, quantidade_atual, estoque_minimo, data_validade) VALUES (\'Ácido Nítrico\', \'🔴 Alto\', \'Litro (L)\', \'Ácido forte utilizado em sínteses químicas e indústria metalúrgica\', NULL, \'25.00\', \'2027-10-12\')')
 4 APPPATH\Models\InsumosModel.php(27): CodeIgniter\Database\BaseConnection->query('INSERT INTO insumos (nome, risco, unidade_medida, descricao, quantidade_atual, estoque_minimo, data_validade) VALUES (?, ?, ?, ?, ?, ?, ?)', [...])
 5 APPPATH\Controllers\InsumosController.php(29): App\Models\InsumosModel->inserirInsumo('Ácido Nítrico', '🔴 Alto', 'Litro (L)', 'Ácido forte utilizado em sínteses químicas e indústria metalúrgica', null, '25.00', '2027-10-12')
 6 SYSTEMPATH\CodeIgniter.php(951): App\Controllers\InsumosController->cadastrarInsumo()
 7 SYSTEMPATH\CodeIgniter.php(497): CodeIgniter\CodeIgniter->runController(Object(App\Controllers\InsumosController))
 8 SYSTEMPATH\CodeIgniter.php(340): CodeIgniter\CodeIgniter->handleRequest(null, Object(Config\Cache), false)
 9 SYSTEMPATH\Boot.php(417): CodeIgniter\CodeIgniter->run()
10 SYSTEMPATH\Boot.php(68): CodeIgniter\Boot::runCodeIgniter(Object(CodeIgniter\CodeIgniter))
11 FCPATH\index.php(64): CodeIgniter\Boot::bootWeb(Object(Config\Paths))
CRITICAL - 2026-04-16 23:44:16 --> CodeIgniter\Database\Exceptions\DatabaseException: Column 'quantidade_atual' cannot be null
[Method: POST, Route: cadastrar_insumo]
in SYSTEMPATH\Database\BaseConnection.php on line 724.
 1 APPPATH\Models\InsumosModel.php(27): CodeIgniter\Database\BaseConnection->query('INSERT INTO insumos (nome, risco, unidade_medida, descricao, quantidade_atual, estoque_minimo, data_validade) VALUES (?, ?, ?, ?, ?, ?, ?)', [...])
 2 APPPATH\Controllers\InsumosController.php(29): App\Models\InsumosModel->inserirInsumo('Ácido Nítrico', '🔴 Alto', 'Litro (L)', 'Ácido forte utilizado em sínteses químicas e indústria metalúrgica', null, '25.00', '2027-10-12')
 3 SYSTEMPATH\CodeIgniter.php(951): App\Controllers\InsumosController->cadastrarInsumo()
 4 SYSTEMPATH\CodeIgniter.php(497): CodeIgniter\CodeIgniter->runController(Object(App\Controllers\InsumosController))
 5 SYSTEMPATH\CodeIgniter.php(340): CodeIgniter\CodeIgniter->handleRequest(null, Object(Config\Cache), false)
 6 SYSTEMPATH\Boot.php(417): CodeIgniter\CodeIgniter->run()
 7 SYSTEMPATH\Boot.php(68): CodeIgniter\Boot::runCodeIgniter(Object(CodeIgniter\CodeIgniter))
 8 FCPATH\index.php(64): CodeIgniter\Boot::bootWeb(Object(Config\Paths))
CRITICAL - 2026-04-16 23:44:16 --> [Caused by] CodeIgniter\Database\Exceptions\DatabaseException: Column 'quantidade_atual' cannot be null
in SYSTEMPATH\Database\MySQLi\Connection.php on line 310.
 1 SYSTEMPATH\Database\BaseConnection.php(769): CodeIgniter\Database\MySQLi\Connection->execute('INSERT INTO insumos (nome, risco, unidade_medida, descricao, quantidade_atual, estoque_minimo, data_validade) VALUES (\'Ácido Nítrico\', \'🔴 Alto\', \'Litro (L)\', \'Ácido forte utilizado em sínteses químicas e indústria metalúrgica\', NULL, \'25.00\', \'2027-10-12\')')
 2 SYSTEMPATH\Database\BaseConnection.php(686): CodeIgniter\Database\BaseConnection->simpleQuery('INSERT INTO insumos (nome, risco, unidade_medida, descricao, quantidade_atual, estoque_minimo, data_validade) VALUES (\'Ácido Nítrico\', \'🔴 Alto\', \'Litro (L)\', \'Ácido forte utilizado em sínteses químicas e indústria metalúrgica\', NULL, \'25.00\', \'2027-10-12\')')
 3 APPPATH\Models\InsumosModel.php(27): CodeIgniter\Database\BaseConnection->query('INSERT INTO insumos (nome, risco, unidade_medida, descricao, quantidade_atual, estoque_minimo, data_validade) VALUES (?, ?, ?, ?, ?, ?, ?)', [...])
 4 APPPATH\Controllers\InsumosController.php(29): App\Models\InsumosModel->inserirInsumo('Ácido Nítrico', '🔴 Alto', 'Litro (L)', 'Ácido forte utilizado em sínteses químicas e indústria metalúrgica', null, '25.00', '2027-10-12')
 5 SYSTEMPATH\CodeIgniter.php(951): App\Controllers\InsumosController->cadastrarInsumo()
 6 SYSTEMPATH\CodeIgniter.php(497): CodeIgniter\CodeIgniter->runController(Object(App\Controllers\InsumosController))
 7 SYSTEMPATH\CodeIgniter.php(340): CodeIgniter\CodeIgniter->handleRequest(null, Object(Config\Cache), false)
 8 SYSTEMPATH\Boot.php(417): CodeIgniter\CodeIgniter->run()
 9 SYSTEMPATH\Boot.php(68): CodeIgniter\Boot::runCodeIgniter(Object(CodeIgniter\CodeIgniter))
10 FCPATH\index.php(64): CodeIgniter\Boot::bootWeb(Object(Config\Paths))
CRITICAL - 2026-04-16 23:44:16 --> [Caused by] mysqli_sql_exception: Column 'quantidade_atual' cannot be null
in SYSTEMPATH\Database\MySQLi\Connection.php on line 300.
 1 SYSTEMPATH\Database\MySQLi\Connection.php(300): mysqli->query('INSERT INTO insumos (nome, risco, unidade_medida, descricao, quantidade_atual, estoque_minimo, data_validade) VALUES (\'Ácido Nítrico\', \'🔴 Alto\', \'Litro (L)\', \'Ácido forte utilizado em sínteses químicas e indústria metalúrgica\', NULL, \'25.00\', \'2027-10-12\')', 0)
 2 SYSTEMPATH\Database\BaseConnection.php(769): CodeIgniter\Database\MySQLi\Connection->execute('INSERT INTO insumos (nome, risco, unidade_medida, descricao, quantidade_atual, estoque_minimo, data_validade) VALUES (\'Ácido Nítrico\', \'🔴 Alto\', \'Litro (L)\', \'Ácido forte utilizado em sínteses químicas e indústria metalúrgica\', NULL, \'25.00\', \'2027-10-12\')')
 3 SYSTEMPATH\Database\BaseConnection.php(686): CodeIgniter\Database\BaseConnection->simpleQuery('INSERT INTO insumos (nome, risco, unidade_medida, descricao, quantidade_atual, estoque_minimo, data_validade) VALUES (\'Ácido Nítrico\', \'🔴 Alto\', \'Litro (L)\', \'Ácido forte utilizado em sínteses químicas e indústria metalúrgica\', NULL, \'25.00\', \'2027-10-12\')')
 4 APPPATH\Models\InsumosModel.php(27): CodeIgniter\Database\BaseConnection->query('INSERT INTO insumos (nome, risco, unidade_medida, descricao, quantidade_atual, estoque_minimo, data_validade) VALUES (?, ?, ?, ?, ?, ?, ?)', [...])
 5 APPPATH\Controllers\InsumosController.php(29): App\Models\InsumosModel->inserirInsumo('Ácido Nítrico', '🔴 Alto', 'Litro (L)', 'Ácido forte utilizado em sínteses químicas e indústria metalúrgica', null, '25.00', '2027-10-12')
 6 SYSTEMPATH\CodeIgniter.php(951): App\Controllers\InsumosController->cadastrarInsumo()
 7 SYSTEMPATH\CodeIgniter.php(497): CodeIgniter\CodeIgniter->runController(Object(App\Controllers\InsumosController))
 8 SYSTEMPATH\CodeIgniter.php(340): CodeIgniter\CodeIgniter->handleRequest(null, Object(Config\Cache), false)
 9 SYSTEMPATH\Boot.php(417): CodeIgniter\CodeIgniter->run()
10 SYSTEMPATH\Boot.php(68): CodeIgniter\Boot::runCodeIgniter(Object(CodeIgniter\CodeIgniter))
11 FCPATH\index.php(64): CodeIgniter\Boot::bootWeb(Object(Config\Paths))
ERROR - 2026-04-16 23:45:10 --> Column 'quantidade_atual' cannot be null
in SYSTEMPATH\Database\MySQLi\Connection.php on line 300.
 1 SYSTEMPATH\Database\MySQLi\Connection.php(300): mysqli->query('INSERT INTO insumos (nome, risco, unidade_medida, descricao, quantidade_atual, estoque_minimo, data_validade) VALUES (\'Ácido Nítrico\', \'🔴 Alto\', \'Litro (L)\', \'Ácido forte utilizado em sínteses químicas e indústria metalúrgica\', NULL, \'25.00\', \'2027-10-12\')', 0)
 2 SYSTEMPATH\Database\BaseConnection.php(769): CodeIgniter\Database\MySQLi\Connection->execute('INSERT INTO insumos (nome, risco, unidade_medida, descricao, quantidade_atual, estoque_minimo, data_validade) VALUES (\'Ácido Nítrico\', \'🔴 Alto\', \'Litro (L)\', \'Ácido forte utilizado em sínteses químicas e indústria metalúrgica\', NULL, \'25.00\', \'2027-10-12\')')
 3 SYSTEMPATH\Database\BaseConnection.php(686): CodeIgniter\Database\BaseConnection->simpleQuery('INSERT INTO insumos (nome, risco, unidade_medida, descricao, quantidade_atual, estoque_minimo, data_validade) VALUES (\'Ácido Nítrico\', \'🔴 Alto\', \'Litro (L)\', \'Ácido forte utilizado em sínteses químicas e indústria metalúrgica\', NULL, \'25.00\', \'2027-10-12\')')
 4 APPPATH\Models\InsumosModel.php(27): CodeIgniter\Database\BaseConnection->query('INSERT INTO insumos (nome, risco, unidade_medida, descricao, quantidade_atual, estoque_minimo, data_validade) VALUES (?, ?, ?, ?, ?, ?, ?)', [...])
 5 APPPATH\Controllers\InsumosController.php(29): App\Models\InsumosModel->inserirInsumo('Ácido Nítrico', '🔴 Alto', 'Litro (L)', 'Ácido forte utilizado em sínteses químicas e indústria metalúrgica', null, '25.00', '2027-10-12')
 6 SYSTEMPATH\CodeIgniter.php(951): App\Controllers\InsumosController->cadastrarInsumo()
 7 SYSTEMPATH\CodeIgniter.php(497): CodeIgniter\CodeIgniter->runController(Object(App\Controllers\InsumosController))
 8 SYSTEMPATH\CodeIgniter.php(340): CodeIgniter\CodeIgniter->handleRequest(null, Object(Config\Cache), false)
 9 SYSTEMPATH\Boot.php(417): CodeIgniter\CodeIgniter->run()
10 SYSTEMPATH\Boot.php(68): CodeIgniter\Boot::runCodeIgniter(Object(CodeIgniter\CodeIgniter))
11 FCPATH\index.php(64): CodeIgniter\Boot::bootWeb(Object(Config\Paths))
CRITICAL - 2026-04-16 23:45:10 --> CodeIgniter\Database\Exceptions\DatabaseException: Column 'quantidade_atual' cannot be null
[Method: POST, Route: cadastrar_insumo]
in SYSTEMPATH\Database\BaseConnection.php on line 724.
 1 APPPATH\Models\InsumosModel.php(27): CodeIgniter\Database\BaseConnection->query('INSERT INTO insumos (nome, risco, unidade_medida, descricao, quantidade_atual, estoque_minimo, data_validade) VALUES (?, ?, ?, ?, ?, ?, ?)', [...])
 2 APPPATH\Controllers\InsumosController.php(29): App\Models\InsumosModel->inserirInsumo('Ácido Nítrico', '🔴 Alto', 'Litro (L)', 'Ácido forte utilizado em sínteses químicas e indústria metalúrgica', null, '25.00', '2027-10-12')
 3 SYSTEMPATH\CodeIgniter.php(951): App\Controllers\InsumosController->cadastrarInsumo()
 4 SYSTEMPATH\CodeIgniter.php(497): CodeIgniter\CodeIgniter->runController(Object(App\Controllers\InsumosController))
 5 SYSTEMPATH\CodeIgniter.php(340): CodeIgniter\CodeIgniter->handleRequest(null, Object(Config\Cache), false)
 6 SYSTEMPATH\Boot.php(417): CodeIgniter\CodeIgniter->run()
 7 SYSTEMPATH\Boot.php(68): CodeIgniter\Boot::runCodeIgniter(Object(CodeIgniter\CodeIgniter))
 8 FCPATH\index.php(64): CodeIgniter\Boot::bootWeb(Object(Config\Paths))
CRITICAL - 2026-04-16 23:45:10 --> [Caused by] CodeIgniter\Database\Exceptions\DatabaseException: Column 'quantidade_atual' cannot be null
in SYSTEMPATH\Database\MySQLi\Connection.php on line 310.
 1 SYSTEMPATH\Database\BaseConnection.php(769): CodeIgniter\Database\MySQLi\Connection->execute('INSERT INTO insumos (nome, risco, unidade_medida, descricao, quantidade_atual, estoque_minimo, data_validade) VALUES (\'Ácido Nítrico\', \'🔴 Alto\', \'Litro (L)\', \'Ácido forte utilizado em sínteses químicas e indústria metalúrgica\', NULL, \'25.00\', \'2027-10-12\')')
 2 SYSTEMPATH\Database\BaseConnection.php(686): CodeIgniter\Database\BaseConnection->simpleQuery('INSERT INTO insumos (nome, risco, unidade_medida, descricao, quantidade_atual, estoque_minimo, data_validade) VALUES (\'Ácido Nítrico\', \'🔴 Alto\', \'Litro (L)\', \'Ácido forte utilizado em sínteses químicas e indústria metalúrgica\', NULL, \'25.00\', \'2027-10-12\')')
 3 APPPATH\Models\InsumosModel.php(27): CodeIgniter\Database\BaseConnection->query('INSERT INTO insumos (nome, risco, unidade_medida, descricao, quantidade_atual, estoque_minimo, data_validade) VALUES (?, ?, ?, ?, ?, ?, ?)', [...])
 4 APPPATH\Controllers\InsumosController.php(29): App\Models\InsumosModel->inserirInsumo('Ácido Nítrico', '🔴 Alto', 'Litro (L)', 'Ácido forte utilizado em sínteses químicas e indústria metalúrgica', null, '25.00', '2027-10-12')
 5 SYSTEMPATH\CodeIgniter.php(951): App\Controllers\InsumosController->cadastrarInsumo()
 6 SYSTEMPATH\CodeIgniter.php(497): CodeIgniter\CodeIgniter->runController(Object(App\Controllers\InsumosController))
 7 SYSTEMPATH\CodeIgniter.php(340): CodeIgniter\CodeIgniter->handleRequest(null, Object(Config\Cache), false)
 8 SYSTEMPATH\Boot.php(417): CodeIgniter\CodeIgniter->run()
 9 SYSTEMPATH\Boot.php(68): CodeIgniter\Boot::runCodeIgniter(Object(CodeIgniter\CodeIgniter))
10 FCPATH\index.php(64): CodeIgniter\Boot::bootWeb(Object(Config\Paths))
CRITICAL - 2026-04-16 23:45:10 --> [Caused by] mysqli_sql_exception: Column 'quantidade_atual' cannot be null
in SYSTEMPATH\Database\MySQLi\Connection.php on line 300.
 1 SYSTEMPATH\Database\MySQLi\Connection.php(300): mysqli->query('INSERT INTO insumos (nome, risco, unidade_medida, descricao, quantidade_atual, estoque_minimo, data_validade) VALUES (\'Ácido Nítrico\', \'🔴 Alto\', \'Litro (L)\', \'Ácido forte utilizado em sínteses químicas e indústria metalúrgica\', NULL, \'25.00\', \'2027-10-12\')', 0)
 2 SYSTEMPATH\Database\BaseConnection.php(769): CodeIgniter\Database\MySQLi\Connection->execute('INSERT INTO insumos (nome, risco, unidade_medida, descricao, quantidade_atual, estoque_minimo, data_validade) VALUES (\'Ácido Nítrico\', \'🔴 Alto\', \'Litro (L)\', \'Ácido forte utilizado em sínteses químicas e indústria metalúrgica\', NULL, \'25.00\', \'2027-10-12\')')
 3 SYSTEMPATH\Database\BaseConnection.php(686): CodeIgniter\Database\BaseConnection->simpleQuery('INSERT INTO insumos (nome, risco, unidade_medida, descricao, quantidade_atual, estoque_minimo, data_validade) VALUES (\'Ácido Nítrico\', \'🔴 Alto\', \'Litro (L)\', \'Ácido forte utilizado em sínteses químicas e indústria metalúrgica\', NULL, \'25.00\', \'2027-10-12\')')
 4 APPPATH\Models\InsumosModel.php(27): CodeIgniter\Database\BaseConnection->query('INSERT INTO insumos (nome, risco, unidade_medida, descricao, quantidade_atual, estoque_minimo, data_validade) VALUES (?, ?, ?, ?, ?, ?, ?)', [...])
 5 APPPATH\Controllers\InsumosController.php(29): App\Models\InsumosModel->inserirInsumo('Ácido Nítrico', '🔴 Alto', 'Litro (L)', 'Ácido forte utilizado em sínteses químicas e indústria metalúrgica', null, '25.00', '2027-10-12')
 6 SYSTEMPATH\CodeIgniter.php(951): App\Controllers\InsumosController->cadastrarInsumo()
 7 SYSTEMPATH\CodeIgniter.php(497): CodeIgniter\CodeIgniter->runController(Object(App\Controllers\InsumosController))
 8 SYSTEMPATH\CodeIgniter.php(340): CodeIgniter\CodeIgniter->handleRequest(null, Object(Config\Cache), false)
 9 SYSTEMPATH\Boot.php(417): CodeIgniter\CodeIgniter->run()
10 SYSTEMPATH\Boot.php(68): CodeIgniter\Boot::runCodeIgniter(Object(CodeIgniter\CodeIgniter))
11 FCPATH\index.php(64): CodeIgniter\Boot::bootWeb(Object(Config\Paths))
ERROR - 2026-04-16 23:45:13 --> Column 'quantidade_atual' cannot be null
in SYSTEMPATH\Database\MySQLi\Connection.php on line 300.
 1 SYSTEMPATH\Database\MySQLi\Connection.php(300): mysqli->query('INSERT INTO insumos (nome, risco, unidade_medida, descricao, quantidade_atual, estoque_minimo, data_validade) VALUES (\'Ácido Nítrico\', \'🔴 Alto\', \'Litro (L)\', \'Ácido forte utilizado em sínteses químicas e indústria metalúrgica\', NULL, \'25.00\', \'2027-10-12\')', 0)
 2 SYSTEMPATH\Database\BaseConnection.php(769): CodeIgniter\Database\MySQLi\Connection->execute('INSERT INTO insumos (nome, risco, unidade_medida, descricao, quantidade_atual, estoque_minimo, data_validade) VALUES (\'Ácido Nítrico\', \'🔴 Alto\', \'Litro (L)\', \'Ácido forte utilizado em sínteses químicas e indústria metalúrgica\', NULL, \'25.00\', \'2027-10-12\')')
 3 SYSTEMPATH\Database\BaseConnection.php(686): CodeIgniter\Database\BaseConnection->simpleQuery('INSERT INTO insumos (nome, risco, unidade_medida, descricao, quantidade_atual, estoque_minimo, data_validade) VALUES (\'Ácido Nítrico\', \'🔴 Alto\', \'Litro (L)\', \'Ácido forte utilizado em sínteses químicas e indústria metalúrgica\', NULL, \'25.00\', \'2027-10-12\')')
 4 APPPATH\Models\InsumosModel.php(27): CodeIgniter\Database\BaseConnection->query('INSERT INTO insumos (nome, risco, unidade_medida, descricao, quantidade_atual, estoque_minimo, data_validade) VALUES (?, ?, ?, ?, ?, ?, ?)', [...])
 5 APPPATH\Controllers\InsumosController.php(29): App\Models\InsumosModel->inserirInsumo('Ácido Nítrico', '🔴 Alto', 'Litro (L)', 'Ácido forte utilizado em sínteses químicas e indústria metalúrgica', null, '25.00', '2027-10-12')
 6 SYSTEMPATH\CodeIgniter.php(951): App\Controllers\InsumosController->cadastrarInsumo()
 7 SYSTEMPATH\CodeIgniter.php(497): CodeIgniter\CodeIgniter->runController(Object(App\Controllers\InsumosController))
 8 SYSTEMPATH\CodeIgniter.php(340): CodeIgniter\CodeIgniter->handleRequest(null, Object(Config\Cache), false)
 9 SYSTEMPATH\Boot.php(417): CodeIgniter\CodeIgniter->run()
10 SYSTEMPATH\Boot.php(68): CodeIgniter\Boot::runCodeIgniter(Object(CodeIgniter\CodeIgniter))
11 FCPATH\index.php(64): CodeIgniter\Boot::bootWeb(Object(Config\Paths))
CRITICAL - 2026-04-16 23:45:13 --> CodeIgniter\Database\Exceptions\DatabaseException: Column 'quantidade_atual' cannot be null
[Method: POST, Route: cadastrar_insumo]
in SYSTEMPATH\Database\BaseConnection.php on line 724.
 1 APPPATH\Models\InsumosModel.php(27): CodeIgniter\Database\BaseConnection->query('INSERT INTO insumos (nome, risco, unidade_medida, descricao, quantidade_atual, estoque_minimo, data_validade) VALUES (?, ?, ?, ?, ?, ?, ?)', [...])
 2 APPPATH\Controllers\InsumosController.php(29): App\Models\InsumosModel->inserirInsumo('Ácido Nítrico', '🔴 Alto', 'Litro (L)', 'Ácido forte utilizado em sínteses químicas e indústria metalúrgica', null, '25.00', '2027-10-12')
 3 SYSTEMPATH\CodeIgniter.php(951): App\Controllers\InsumosController->cadastrarInsumo()
 4 SYSTEMPATH\CodeIgniter.php(497): CodeIgniter\CodeIgniter->runController(Object(App\Controllers\InsumosController))
 5 SYSTEMPATH\CodeIgniter.php(340): CodeIgniter\CodeIgniter->handleRequest(null, Object(Config\Cache), false)
 6 SYSTEMPATH\Boot.php(417): CodeIgniter\CodeIgniter->run()
 7 SYSTEMPATH\Boot.php(68): CodeIgniter\Boot::runCodeIgniter(Object(CodeIgniter\CodeIgniter))
 8 FCPATH\index.php(64): CodeIgniter\Boot::bootWeb(Object(Config\Paths))
CRITICAL - 2026-04-16 23:45:13 --> [Caused by] CodeIgniter\Database\Exceptions\DatabaseException: Column 'quantidade_atual' cannot be null
in SYSTEMPATH\Database\MySQLi\Connection.php on line 310.
 1 SYSTEMPATH\Database\BaseConnection.php(769): CodeIgniter\Database\MySQLi\Connection->execute('INSERT INTO insumos (nome, risco, unidade_medida, descricao, quantidade_atual, estoque_minimo, data_validade) VALUES (\'Ácido Nítrico\', \'🔴 Alto\', \'Litro (L)\', \'Ácido forte utilizado em sínteses químicas e indústria metalúrgica\', NULL, \'25.00\', \'2027-10-12\')')
 2 SYSTEMPATH\Database\BaseConnection.php(686): CodeIgniter\Database\BaseConnection->simpleQuery('INSERT INTO insumos (nome, risco, unidade_medida, descricao, quantidade_atual, estoque_minimo, data_validade) VALUES (\'Ácido Nítrico\', \'🔴 Alto\', \'Litro (L)\', \'Ácido forte utilizado em sínteses químicas e indústria metalúrgica\', NULL, \'25.00\', \'2027-10-12\')')
 3 APPPATH\Models\InsumosModel.php(27): CodeIgniter\Database\BaseConnection->query('INSERT INTO insumos (nome, risco, unidade_medida, descricao, quantidade_atual, estoque_minimo, data_validade) VALUES (?, ?, ?, ?, ?, ?, ?)', [...])
 4 APPPATH\Controllers\InsumosController.php(29): App\Models\InsumosModel->inserirInsumo('Ácido Nítrico', '🔴 Alto', 'Litro (L)', 'Ácido forte utilizado em sínteses químicas e indústria metalúrgica', null, '25.00', '2027-10-12')
 5 SYSTEMPATH\CodeIgniter.php(951): App\Controllers\InsumosController->cadastrarInsumo()
 6 SYSTEMPATH\CodeIgniter.php(497): CodeIgniter\CodeIgniter->runController(Object(App\Controllers\InsumosController))
 7 SYSTEMPATH\CodeIgniter.php(340): CodeIgniter\CodeIgniter->handleRequest(null, Object(Config\Cache), false)
 8 SYSTEMPATH\Boot.php(417): CodeIgniter\CodeIgniter->run()
 9 SYSTEMPATH\Boot.php(68): CodeIgniter\Boot::runCodeIgniter(Object(CodeIgniter\CodeIgniter))
10 FCPATH\index.php(64): CodeIgniter\Boot::bootWeb(Object(Config\Paths))
CRITICAL - 2026-04-16 23:45:13 --> [Caused by] mysqli_sql_exception: Column 'quantidade_atual' cannot be null
in SYSTEMPATH\Database\MySQLi\Connection.php on line 300.
 1 SYSTEMPATH\Database\MySQLi\Connection.php(300): mysqli->query('INSERT INTO insumos (nome, risco, unidade_medida, descricao, quantidade_atual, estoque_minimo, data_validade) VALUES (\'Ácido Nítrico\', \'🔴 Alto\', \'Litro (L)\', \'Ácido forte utilizado em sínteses químicas e indústria metalúrgica\', NULL, \'25.00\', \'2027-10-12\')', 0)
 2 SYSTEMPATH\Database\BaseConnection.php(769): CodeIgniter\Database\MySQLi\Connection->execute('INSERT INTO insumos (nome, risco, unidade_medida, descricao, quantidade_atual, estoque_minimo, data_validade) VALUES (\'Ácido Nítrico\', \'🔴 Alto\', \'Litro (L)\', \'Ácido forte utilizado em sínteses químicas e indústria metalúrgica\', NULL, \'25.00\', \'2027-10-12\')')
 3 SYSTEMPATH\Database\BaseConnection.php(686): CodeIgniter\Database\BaseConnection->simpleQuery('INSERT INTO insumos (nome, risco, unidade_medida, descricao, quantidade_atual, estoque_minimo, data_validade) VALUES (\'Ácido Nítrico\', \'🔴 Alto\', \'Litro (L)\', \'Ácido forte utilizado em sínteses químicas e indústria metalúrgica\', NULL, \'25.00\', \'2027-10-12\')')
 4 APPPATH\Models\InsumosModel.php(27): CodeIgniter\Database\BaseConnection->query('INSERT INTO insumos (nome, risco, unidade_medida, descricao, quantidade_atual, estoque_minimo, data_validade) VALUES (?, ?, ?, ?, ?, ?, ?)', [...])
 5 APPPATH\Controllers\InsumosController.php(29): App\Models\InsumosModel->inserirInsumo('Ácido Nítrico', '🔴 Alto', 'Litro (L)', 'Ácido forte utilizado em sínteses químicas e indústria metalúrgica', null, '25.00', '2027-10-12')
 6 SYSTEMPATH\CodeIgniter.php(951): App\Controllers\InsumosController->cadastrarInsumo()
 7 SYSTEMPATH\CodeIgniter.php(497): CodeIgniter\CodeIgniter->runController(Object(App\Controllers\InsumosController))
 8 SYSTEMPATH\CodeIgniter.php(340): CodeIgniter\CodeIgniter->handleRequest(null, Object(Config\Cache), false)
 9 SYSTEMPATH\Boot.php(417): CodeIgniter\CodeIgniter->run()
10 SYSTEMPATH\Boot.php(68): CodeIgniter\Boot::runCodeIgniter(Object(CodeIgniter\CodeIgniter))
11 FCPATH\index.php(64): CodeIgniter\Boot::bootWeb(Object(Config\Paths))
ERROR - 2026-04-16 23:45:19 --> Column 'quantidade_atual' cannot be null
in SYSTEMPATH\Database\MySQLi\Connection.php on line 300.
 1 SYSTEMPATH\Database\MySQLi\Connection.php(300): mysqli->query('INSERT INTO insumos (nome, risco, unidade_medida, descricao, quantidade_atual, estoque_minimo, data_validade) VALUES (\'Ácido Nítrico\', \'🔴 Alto\', \'Litro (L)\', \'Ácido forte utilizado em sínteses químicas e indústria metalúrgica\', NULL, \'25.00\', \'2027-10-12\')', 0)
 2 SYSTEMPATH\Database\BaseConnection.php(769): CodeIgniter\Database\MySQLi\Connection->execute('INSERT INTO insumos (nome, risco, unidade_medida, descricao, quantidade_atual, estoque_minimo, data_validade) VALUES (\'Ácido Nítrico\', \'🔴 Alto\', \'Litro (L)\', \'Ácido forte utilizado em sínteses químicas e indústria metalúrgica\', NULL, \'25.00\', \'2027-10-12\')')
 3 SYSTEMPATH\Database\BaseConnection.php(686): CodeIgniter\Database\BaseConnection->simpleQuery('INSERT INTO insumos (nome, risco, unidade_medida, descricao, quantidade_atual, estoque_minimo, data_validade) VALUES (\'Ácido Nítrico\', \'🔴 Alto\', \'Litro (L)\', \'Ácido forte utilizado em sínteses químicas e indústria metalúrgica\', NULL, \'25.00\', \'2027-10-12\')')
 4 APPPATH\Models\InsumosModel.php(27): CodeIgniter\Database\BaseConnection->query('INSERT INTO insumos (nome, risco, unidade_medida, descricao, quantidade_atual, estoque_minimo, data_validade) VALUES (?, ?, ?, ?, ?, ?, ?)', [...])
 5 APPPATH\Controllers\InsumosController.php(29): App\Models\InsumosModel->inserirInsumo('Ácido Nítrico', '🔴 Alto', 'Litro (L)', 'Ácido forte utilizado em sínteses químicas e indústria metalúrgica', null, '25.00', '2027-10-12')
 6 SYSTEMPATH\CodeIgniter.php(951): App\Controllers\InsumosController->cadastrarInsumo()
 7 SYSTEMPATH\CodeIgniter.php(497): CodeIgniter\CodeIgniter->runController(Object(App\Controllers\InsumosController))
 8 SYSTEMPATH\CodeIgniter.php(340): CodeIgniter\CodeIgniter->handleRequest(null, Object(Config\Cache), false)
 9 SYSTEMPATH\Boot.php(417): CodeIgniter\CodeIgniter->run()
10 SYSTEMPATH\Boot.php(68): CodeIgniter\Boot::runCodeIgniter(Object(CodeIgniter\CodeIgniter))
11 FCPATH\index.php(64): CodeIgniter\Boot::bootWeb(Object(Config\Paths))
CRITICAL - 2026-04-16 23:45:19 --> CodeIgniter\Database\Exceptions\DatabaseException: Column 'quantidade_atual' cannot be null
[Method: POST, Route: cadastrar_insumo]
in SYSTEMPATH\Database\BaseConnection.php on line 724.
 1 APPPATH\Models\InsumosModel.php(27): CodeIgniter\Database\BaseConnection->query('INSERT INTO insumos (nome, risco, unidade_medida, descricao, quantidade_atual, estoque_minimo, data_validade) VALUES (?, ?, ?, ?, ?, ?, ?)', [...])
 2 APPPATH\Controllers\InsumosController.php(29): App\Models\InsumosModel->inserirInsumo('Ácido Nítrico', '🔴 Alto', 'Litro (L)', 'Ácido forte utilizado em sínteses químicas e indústria metalúrgica', null, '25.00', '2027-10-12')
 3 SYSTEMPATH\CodeIgniter.php(951): App\Controllers\InsumosController->cadastrarInsumo()
 4 SYSTEMPATH\CodeIgniter.php(497): CodeIgniter\CodeIgniter->runController(Object(App\Controllers\InsumosController))
 5 SYSTEMPATH\CodeIgniter.php(340): CodeIgniter\CodeIgniter->handleRequest(null, Object(Config\Cache), false)
 6 SYSTEMPATH\Boot.php(417): CodeIgniter\CodeIgniter->run()
 7 SYSTEMPATH\Boot.php(68): CodeIgniter\Boot::runCodeIgniter(Object(CodeIgniter\CodeIgniter))
 8 FCPATH\index.php(64): CodeIgniter\Boot::bootWeb(Object(Config\Paths))
CRITICAL - 2026-04-16 23:45:19 --> [Caused by] CodeIgniter\Database\Exceptions\DatabaseException: Column 'quantidade_atual' cannot be null
in SYSTEMPATH\Database\MySQLi\Connection.php on line 310.
 1 SYSTEMPATH\Database\BaseConnection.php(769): CodeIgniter\Database\MySQLi\Connection->execute('INSERT INTO insumos (nome, risco, unidade_medida, descricao, quantidade_atual, estoque_minimo, data_validade) VALUES (\'Ácido Nítrico\', \'🔴 Alto\', \'Litro (L)\', \'Ácido forte utilizado em sínteses químicas e indústria metalúrgica\', NULL, \'25.00\', \'2027-10-12\')')
 2 SYSTEMPATH\Database\BaseConnection.php(686): CodeIgniter\Database\BaseConnection->simpleQuery('INSERT INTO insumos (nome, risco, unidade_medida, descricao, quantidade_atual, estoque_minimo, data_validade) VALUES (\'Ácido Nítrico\', \'🔴 Alto\', \'Litro (L)\', \'Ácido forte utilizado em sínteses químicas e indústria metalúrgica\', NULL, \'25.00\', \'2027-10-12\')')
 3 APPPATH\Models\InsumosModel.php(27): CodeIgniter\Database\BaseConnection->query('INSERT INTO insumos (nome, risco, unidade_medida, descricao, quantidade_atual, estoque_minimo, data_validade) VALUES (?, ?, ?, ?, ?, ?, ?)', [...])
 4 APPPATH\Controllers\InsumosController.php(29): App\Models\InsumosModel->inserirInsumo('Ácido Nítrico', '🔴 Alto', 'Litro (L)', 'Ácido forte utilizado em sínteses químicas e indústria metalúrgica', null, '25.00', '2027-10-12')
 5 SYSTEMPATH\CodeIgniter.php(951): App\Controllers\InsumosController->cadastrarInsumo()
 6 SYSTEMPATH\CodeIgniter.php(497): CodeIgniter\CodeIgniter->runController(Object(App\Controllers\InsumosController))
 7 SYSTEMPATH\CodeIgniter.php(340): CodeIgniter\CodeIgniter->handleRequest(null, Object(Config\Cache), false)
 8 SYSTEMPATH\Boot.php(417): CodeIgniter\CodeIgniter->run()
 9 SYSTEMPATH\Boot.php(68): CodeIgniter\Boot::runCodeIgniter(Object(CodeIgniter\CodeIgniter))
10 FCPATH\index.php(64): CodeIgniter\Boot::bootWeb(Object(Config\Paths))
CRITICAL - 2026-04-16 23:45:19 --> [Caused by] mysqli_sql_exception: Column 'quantidade_atual' cannot be null
in SYSTEMPATH\Database\MySQLi\Connection.php on line 300.
 1 SYSTEMPATH\Database\MySQLi\Connection.php(300): mysqli->query('INSERT INTO insumos (nome, risco, unidade_medida, descricao, quantidade_atual, estoque_minimo, data_validade) VALUES (\'Ácido Nítrico\', \'🔴 Alto\', \'Litro (L)\', \'Ácido forte utilizado em sínteses químicas e indústria metalúrgica\', NULL, \'25.00\', \'2027-10-12\')', 0)
 2 SYSTEMPATH\Database\BaseConnection.php(769): CodeIgniter\Database\MySQLi\Connection->execute('INSERT INTO insumos (nome, risco, unidade_medida, descricao, quantidade_atual, estoque_minimo, data_validade) VALUES (\'Ácido Nítrico\', \'🔴 Alto\', \'Litro (L)\', \'Ácido forte utilizado em sínteses químicas e indústria metalúrgica\', NULL, \'25.00\', \'2027-10-12\')')
 3 SYSTEMPATH\Database\BaseConnection.php(686): CodeIgniter\Database\BaseConnection->simpleQuery('INSERT INTO insumos (nome, risco, unidade_medida, descricao, quantidade_atual, estoque_minimo, data_validade) VALUES (\'Ácido Nítrico\', \'🔴 Alto\', \'Litro (L)\', \'Ácido forte utilizado em sínteses químicas e indústria metalúrgica\', NULL, \'25.00\', \'2027-10-12\')')
 4 APPPATH\Models\InsumosModel.php(27): CodeIgniter\Database\BaseConnection->query('INSERT INTO insumos (nome, risco, unidade_medida, descricao, quantidade_atual, estoque_minimo, data_validade) VALUES (?, ?, ?, ?, ?, ?, ?)', [...])
 5 APPPATH\Controllers\InsumosController.php(29): App\Models\InsumosModel->inserirInsumo('Ácido Nítrico', '🔴 Alto', 'Litro (L)', 'Ácido forte utilizado em sínteses químicas e indústria metalúrgica', null, '25.00', '2027-10-12')
 6 SYSTEMPATH\CodeIgniter.php(951): App\Controllers\InsumosController->cadastrarInsumo()
 7 SYSTEMPATH\CodeIgniter.php(497): CodeIgniter\CodeIgniter->runController(Object(App\Controllers\InsumosController))
 8 SYSTEMPATH\CodeIgniter.php(340): CodeIgniter\CodeIgniter->handleRequest(null, Object(Config\Cache), false)
 9 SYSTEMPATH\Boot.php(417): CodeIgniter\CodeIgniter->run()
10 SYSTEMPATH\Boot.php(68): CodeIgniter\Boot::runCodeIgniter(Object(CodeIgniter\CodeIgniter))
11 FCPATH\index.php(64): CodeIgniter\Boot::bootWeb(Object(Config\Paths))
CRITICAL - 2026-04-16 23:46:51 --> ErrorException: Undefined variable $insumos
[Method: POST, Route: cadastrar_insumo]
in APPPATH\Views\estoque.php on line 114.
 1 APPPATH\Views\estoque.php(114): CodeIgniter\Debug\Exceptions->errorHandler(2, 'Undefined variable $insumos', 'C:\\xampp\\htdocs\\mclab\\app\\Views\\estoque.php', 114)
 2 SYSTEMPATH\View\View.php(238): include('C:\\xampp\\htdocs\\mclab\\app\\Views\\estoque.php')
 3 SYSTEMPATH\View\View.php(241): CodeIgniter\View\View->CodeIgniter\View\{closure}()
 4 SYSTEMPATH\Common.php(1250): CodeIgniter\View\View->render('estoque', [], true)
 5 APPPATH\Controllers\InsumosController.php(31): view('estoque')
 6 SYSTEMPATH\CodeIgniter.php(951): App\Controllers\InsumosController->cadastrarInsumo()
 7 SYSTEMPATH\CodeIgniter.php(497): CodeIgniter\CodeIgniter->runController(Object(App\Controllers\InsumosController))
 8 SYSTEMPATH\CodeIgniter.php(340): CodeIgniter\CodeIgniter->handleRequest(null, Object(Config\Cache), false)
 9 SYSTEMPATH\Boot.php(417): CodeIgniter\CodeIgniter->run()
10 SYSTEMPATH\Boot.php(68): CodeIgniter\Boot::runCodeIgniter(Object(CodeIgniter\CodeIgniter))
11 FCPATH\index.php(64): CodeIgniter\Boot::bootWeb(Object(Config\Paths))
CRITICAL - 2026-04-16 23:47:00 --> ErrorException: Undefined variable $insumos
[Method: POST, Route: cadastrar_insumo]
in APPPATH\Views\estoque.php on line 114.
 1 APPPATH\Views\estoque.php(114): CodeIgniter\Debug\Exceptions->errorHandler(2, 'Undefined variable $insumos', 'C:\\xampp\\htdocs\\mclab\\app\\Views\\estoque.php', 114)
 2 SYSTEMPATH\View\View.php(238): include('C:\\xampp\\htdocs\\mclab\\app\\Views\\estoque.php')
 3 SYSTEMPATH\View\View.php(241): CodeIgniter\View\View->CodeIgniter\View\{closure}()
 4 SYSTEMPATH\Common.php(1250): CodeIgniter\View\View->render('estoque', [], true)
 5 APPPATH\Controllers\InsumosController.php(31): view('estoque')
 6 SYSTEMPATH\CodeIgniter.php(951): App\Controllers\InsumosController->cadastrarInsumo()
 7 SYSTEMPATH\CodeIgniter.php(497): CodeIgniter\CodeIgniter->runController(Object(App\Controllers\InsumosController))
 8 SYSTEMPATH\CodeIgniter.php(340): CodeIgniter\CodeIgniter->handleRequest(null, Object(Config\Cache), false)
 9 SYSTEMPATH\Boot.php(417): CodeIgniter\CodeIgniter->run()
10 SYSTEMPATH\Boot.php(68): CodeIgniter\Boot::runCodeIgniter(Object(CodeIgniter\CodeIgniter))
11 FCPATH\index.php(64): CodeIgniter\Boot::bootWeb(Object(Config\Paths))
